Archive member included to satisfy reference by file (symbol)

C:\Users\kidsp\AppData\Local\arduino\cores\2b5686054c6ab046b9bd52399061f729\core.a(HardwareSerial.cpp.o)
                              (--whole-archive)
C:\Users\kidsp\AppData\Local\arduino\cores\2b5686054c6ab046b9bd52399061f729\core.a(HardwareTimer.cpp.o)
                              (--whole-archive)
C:\Users\kidsp\AppData\Local\arduino\cores\2b5686054c6ab046b9bd52399061f729\core.a(IPAddress.cpp.o)
                              (--whole-archive)
C:\Users\kidsp\AppData\Local\arduino\cores\2b5686054c6ab046b9bd52399061f729\core.a(Print.cpp.o)
                              (--whole-archive)
C:\Users\kidsp\AppData\Local\arduino\cores\2b5686054c6ab046b9bd52399061f729\core.a(Stream.cpp.o)
                              (--whole-archive)
C:\Users\kidsp\AppData\Local\arduino\cores\2b5686054c6ab046b9bd52399061f729\core.a(Tone.cpp.o)
                              (--whole-archive)
C:\Users\kidsp\AppData\Local\arduino\cores\2b5686054c6ab046b9bd52399061f729\core.a(WInterrupts.cpp.o)
                              (--whole-archive)
C:\Users\kidsp\AppData\Local\arduino\cores\2b5686054c6ab046b9bd52399061f729\core.a(WMath.cpp.o)
                              (--whole-archive)
C:\Users\kidsp\AppData\Local\arduino\cores\2b5686054c6ab046b9bd52399061f729\core.a(WString.cpp.o)
                              (--whole-archive)
C:\Users\kidsp\AppData\Local\arduino\cores\2b5686054c6ab046b9bd52399061f729\core.a(abi.cpp.o)
                              (--whole-archive)
C:\Users\kidsp\AppData\Local\arduino\cores\2b5686054c6ab046b9bd52399061f729\core.a(dtostrf.c.o)
                              (--whole-archive)
C:\Users\kidsp\AppData\Local\arduino\cores\2b5686054c6ab046b9bd52399061f729\core.a(board.c.o)
                              (--whole-archive)
C:\Users\kidsp\AppData\Local\arduino\cores\2b5686054c6ab046b9bd52399061f729\core.a(PortNames.c.o)
                              (--whole-archive)
C:\Users\kidsp\AppData\Local\arduino\cores\2b5686054c6ab046b9bd52399061f729\core.a(analog.cpp.o)
                              (--whole-archive)
C:\Users\kidsp\AppData\Local\arduino\cores\2b5686054c6ab046b9bd52399061f729\core.a(ch32_def.c.o)
                              (--whole-archive)
C:\Users\kidsp\AppData\Local\arduino\cores\2b5686054c6ab046b9bd52399061f729\core.a(clock.c.o)
                              (--whole-archive)
C:\Users\kidsp\AppData\Local\arduino\cores\2b5686054c6ab046b9bd52399061f729\core.a(hw_config.c.o)
                              (--whole-archive)
C:\Users\kidsp\AppData\Local\arduino\cores\2b5686054c6ab046b9bd52399061f729\core.a(interrupt.cpp.o)
                              (--whole-archive)
C:\Users\kidsp\AppData\Local\arduino\cores\2b5686054c6ab046b9bd52399061f729\core.a(ch32yyxx_adc.c.o)
                              (--whole-archive)
C:\Users\kidsp\AppData\Local\arduino\cores\2b5686054c6ab046b9bd52399061f729\core.a(ch32yyxx_bkp.c.o)
                              (--whole-archive)
C:\Users\kidsp\AppData\Local\arduino\cores\2b5686054c6ab046b9bd52399061f729\core.a(ch32yyxx_can.c.o)
                              (--whole-archive)
C:\Users\kidsp\AppData\Local\arduino\cores\2b5686054c6ab046b9bd52399061f729\core.a(ch32yyxx_crc.c.o)
                              (--whole-archive)
C:\Users\kidsp\AppData\Local\arduino\cores\2b5686054c6ab046b9bd52399061f729\core.a(ch32yyxx_dac.c.o)
                              (--whole-archive)
C:\Users\kidsp\AppData\Local\arduino\cores\2b5686054c6ab046b9bd52399061f729\core.a(ch32yyxx_dbgmcu.c.o)
                              (--whole-archive)
C:\Users\kidsp\AppData\Local\arduino\cores\2b5686054c6ab046b9bd52399061f729\core.a(ch32yyxx_debug.c.o)
                              (--whole-archive)
C:\Users\kidsp\AppData\Local\arduino\cores\2b5686054c6ab046b9bd52399061f729\core.a(ch32yyxx_dma.c.o)
                              (--whole-archive)
C:\Users\kidsp\AppData\Local\arduino\cores\2b5686054c6ab046b9bd52399061f729\core.a(ch32yyxx_dvp.c.o)
                              (--whole-archive)
C:\Users\kidsp\AppData\Local\arduino\cores\2b5686054c6ab046b9bd52399061f729\core.a(ch32yyxx_eth.c.o)
                              (--whole-archive)
C:\Users\kidsp\AppData\Local\arduino\cores\2b5686054c6ab046b9bd52399061f729\core.a(ch32yyxx_exti.c.o)
                              (--whole-archive)
C:\Users\kidsp\AppData\Local\arduino\cores\2b5686054c6ab046b9bd52399061f729\core.a(ch32yyxx_flash.c.o)
                              (--whole-archive)
C:\Users\kidsp\AppData\Local\arduino\cores\2b5686054c6ab046b9bd52399061f729\core.a(ch32yyxx_fsmc.c.o)
                              (--whole-archive)
C:\Users\kidsp\AppData\Local\arduino\cores\2b5686054c6ab046b9bd52399061f729\core.a(ch32yyxx_gpio.c.o)
                              (--whole-archive)
C:\Users\kidsp\AppData\Local\arduino\cores\2b5686054c6ab046b9bd52399061f729\core.a(ch32yyxx_i2c.c.o)
                              (--whole-archive)
[...]
Memory Configuration

Name             Origin             Length             Attributes
FLASH            0x0000000000001000 0x0000000000010000 xr
RAM              0x0000000020000000 0x0000000000005000 xrw
*default*        0x0000000000000000 0xffffffffffffffff

Linker script and memory map

                0x0000000000010000                __FLASH_SIZE = 0x10000
                0x0000000000005000                __RAM_SIZE = 0x5000
START GROUP
LOAD C:\Users\kidsp\AppData\Local\arduino\sketches\886A4B3D532CF96E17043A9E7CEB4745\sketch\i2cMinimalSlave.ino.cpp.o
LOAD C:\Users\kidsp\AppData\Local\arduino\sketches\886A4B3D532CF96E17043A9E7CEB4745\libraries\EEPROM\EEPROM.cpp.o
LOAD C:\Users\kidsp\AppData\Local\arduino\sketches\886A4B3D532CF96E17043A9E7CEB4745\libraries\Adafruit_NeoPixel\Adafruit_NeoPixel.cpp.o
LOAD C:\Users\kidsp\AppData\Local\arduino\sketches\886A4B3D532CF96E17043A9E7CEB4745\libraries\Adafruit_NeoPixel\Adafruit_Neopixel_RP2.cpp.o
LOAD C:\Users\kidsp\AppData\Local\arduino\sketches\886A4B3D532CF96E17043A9E7CEB4745\libraries\Adafruit_NeoPixel\esp.c.o
LOAD C:\Users\kidsp\AppData\Local\arduino\sketches\886A4B3D532CF96E17043A9E7CEB4745\libraries\Adafruit_NeoPixel\esp8266.c.o
LOAD C:\Users\kidsp\AppData\Local\arduino\sketches\886A4B3D532CF96E17043A9E7CEB4745\libraries\Adafruit_NeoPixel\kendyte_k210.c.o
LOAD C:\Users\kidsp\AppData\Local\arduino\sketches\886A4B3D532CF96E17043A9E7CEB4745\libraries\Wire\Wire.cpp.o
LOAD C:\Users\kidsp\AppData\Local\arduino\sketches\886A4B3D532CF96E17043A9E7CEB4745\libraries\Wire\utility\twi.c.o
LOAD C:\Users\kidsp\AppData\Local\arduino\sketches\886A4B3D532CF96E17043A9E7CEB4745\core\PeripheralPins.c.o
LOAD C:\Users\kidsp\AppData\Local\arduino\sketches\886A4B3D532CF96E17043A9E7CEB4745\core\variant_CH32V203C8.cpp.o
LOAD c:/users/kidsp/appdata/local/arduino15/packages/wch/tools/riscv-none-embed-gcc/8.2.0/bin/../lib/gcc/riscv-none-embed/8.2.0/../../../../riscv-none-embed/lib/rv32imacxw/ilp32\libprintf.a
LOAD C:\Users\kidsp\AppData\Local\arduino\cores\2b5686054c6ab046b9bd52399061f729\core.a
END GROUP
LOAD c:/users/kidsp/appdata/local/arduino15/packages/wch/tools/riscv-none-embed-gcc/8.2.0/bin/../lib/gcc/riscv-none-embed/8.2.0/../../../../riscv-none-embed/lib/rv32imacxw/ilp32\libstdc++_nano.a
LOAD c:/users/kidsp/appdata/local/arduino15/packages/wch/tools/riscv-none-embed-gcc/8.2.0/bin/../lib/gcc/riscv-none-embed/8.2.0/../../../../riscv-none-embed/lib/rv32imacxw/ilp32\libm.a
LOAD c:/users/kidsp/appdata/local/arduino15/packages/wch/tools/riscv-none-embed-gcc/8.2.0/bin/../lib/gcc/riscv-none-embed/8.2.0/../../../../riscv-none-embed/lib/rv32imacxw/ilp32\libc_nano.a
LOAD c:/users/kidsp/appdata/local/arduino15/packages/wch/tools/riscv-none-embed-gcc/8.2.0/bin/../lib/gcc/riscv-none-embed/8.2.0/rv32imacxw/ilp32\libgcc.a
LOAD c:/users/kidsp/appdata/local/arduino15/packages/wch/tools/riscv-none-embed-gcc/8.2.0/bin/../lib/gcc/riscv-none-embed/8.2.0/../../../../riscv-none-embed/lib/rv32imacxw/ilp32\libc_nano.a
LOAD c:/users/kidsp/appdata/local/arduino15/packages/wch/tools/riscv-none-embed-gcc/8.2.0/bin/../lib/gcc/riscv-none-embed/8.2.0/rv32imacxw/ilp32\libgcc.a
START GROUP
LOAD c:/users/kidsp/appdata/local/arduino15/packages/wch/tools/riscv-none-embed-gcc/8.2.0/bin/../lib/gcc/riscv-none-embed/8.2.0/rv32imacxw/ilp32\libgcc.a
LOAD c:/users/kidsp/appdata/local/arduino15/packages/wch/tools/riscv-none-embed-gcc/8.2.0/bin/../lib/gcc/riscv-none-embed/8.2.0/../../../../riscv-none-embed/lib/rv32imacxw/ilp32\libc_nano.a
LOAD c:/users/kidsp/appdata/local/arduino15/packages/wch/tools/riscv-none-embed-gcc/8.2.0/bin/../lib/gcc/riscv-none-embed/8.2.0/../../../../riscv-none-embed/lib/rv32imacxw/ilp32\libnosys.a
END GROUP
START GROUP
LOAD c:/users/kidsp/appdata/local/arduino15/packages/wch/tools/riscv-none-embed-gcc/8.2.0/bin/../lib/gcc/riscv-none-embed/8.2.0/rv32imacxw/ilp32\libgcc.a
LOAD c:/users/kidsp/appdata/local/arduino15/packages/wch/tools/riscv-none-embed-gcc/8.2.0/bin/../lib/gcc/riscv-none-embed/8.2.0/../../../../riscv-none-embed/lib/rv32imacxw/ilp32\libc_nano.a
LOAD c:/users/kidsp/appdata/local/arduino15/packages/wch/tools/riscv-none-embed-gcc/8.2.0/bin/../lib/gcc/riscv-none-embed/8.2.0/../../../../riscv-none-embed/lib/rv32imacxw/ilp32\libnosys.a
END GROUP
                0x0000000000010000                __flash_size = DEFINED (__FLASH_SIZE)?__FLASH_SIZE:0x10000
                0x0000000000005000                __ram_size = DEFINED (__RAM_SIZE)?__RAM_SIZE:0x5000
                0x0000000000000800                __stack_size = DEFINED (__STACK_SIZE)?__STACK_SIZE:0x800
                [!provide]                        PROVIDE (_stack_size = __stack_size)

.init           0x0000000000001000       0x38
                0x0000000000001000                _sinit = .
                0x0000000000001000                . = ALIGN (0x4)
 *(SORT_NONE(.init))
 .init          0x0000000000001000       0x38 C:\Users\kidsp\AppData\Local\arduino\cores\2b5686054c6ab046b9bd52399061f729\core.a(startup_ch32yyxx.S.o)
                0x0000000000001000                _start
                0x0000000000001038                . = ALIGN (0x4)
                0x0000000000001038                _einit = .

.vector         0x0000000000001038      0x108
 *(.vector)
 .vector        0x0000000000001038       0xfc C:\Users\kidsp\AppData\Local\arduino\cores\2b5686054c6ab046b9bd52399061f729\core.a(startup_ch32yyxx.S.o)
                0x0000000000001140                . = ALIGN (0x40)
 *fill*         0x0000000000001134        0xc 

.text           0x0000000000001140     0x7e58
                0x0000000000001140                . = ALIGN (0x4)
 *(.text)
 .text          0x0000000000001140       0xa8 c:/users/kidsp/appdata/local/arduino15/packages/wch/tools/riscv-none-embed-gcc/8.2.0/bin/../lib/gcc/riscv-none-embed/8.2.0/../../../../riscv-none-embed/lib/rv32imacxw/ilp32\libc_nano.a(lib_a-memset.o)
                0x0000000000001140                memset
 .text          0x00000000000011e8       0x60 c:/users/kidsp/appdata/local/arduino15/packages/wch/tools/riscv-none-embed-gcc/8.2.0/bin/../lib/gcc/riscv-none-embed/8.2.0/rv32imacxw/ilp32\libgcc.a(save-restore.o)
                0x00000000000011e8                __riscv_save_12
                0x00000000000011f0                __riscv_save_9
                0x00000000000011f0                __riscv_save_11
                0x00000000000011f0                __riscv_save_10
                0x00000000000011f0                __riscv_save_8
                0x00000000000011fe                __riscv_save_4
                0x00000000000011fe                __riscv_save_6
                0x00000000000011fe                __riscv_save_5
                0x00000000000011fe                __riscv_save_7
                0x0000000000001218                __riscv_save_3
                0x0000000000001218                __riscv_save_2
                0x0000000000001218                __riscv_save_1
                0x0000000000001218                __riscv_save_0
                0x0000000000001224                __riscv_restore_12
                0x0000000000001228                __riscv_restore_11
                0x0000000000001228                __riscv_restore_9
                0x0000000000001228                __riscv_restore_10
                0x0000000000001228                __riscv_restore_8
                0x0000000000001232                __riscv_restore_5
                0x0000000000001232                __riscv_restore_7
                0x0000000000001232                __riscv_restore_6
                0x0000000000001232                __riscv_restore_4
                0x000000000000123c                __riscv_restore_3
                0x000000000000123c                __riscv_restore_0
                0x000000000000123c                __riscv_restore_2
                0x000000000000123c                __riscv_restore_1
 *(.text.*)
 .text._ZNSt17_Function_handlerIFviEPS0_E9_M_invokeERKSt9_Any_dataOi
                0x0000000000001248        0xc C:\Users\kidsp\AppData\Local\arduino\sketches\886A4B3D532CF96E17043A9E7CEB4745\sketch\i2cMinimalSlave.ino.cpp.o
                0x0000000000001248                std::_Function_handler<void (int), void (*)(int)>::_M_invoke(std::_Any_data const&, int&&)
 .text._ZNSt14_Function_base13_Base_managerIPFviEE10_M_managerERSt9_Any_dataRKS4_St18_Manager_operation
                0x0000000000001254       0x1a C:\Users\kidsp\AppData\Local\arduino\sketches\886A4B3D532CF96E17043A9E7CEB4745\sketch\i2cMinimalSlave.ino.cpp.o
                0x0000000000001254                std::_Function_base::_Base_manager<void (*)(int)>::_M_manager(std::_Any_data&, std::_Any_data const&, std::_Manager_operation)
 .text._ZNSt17_Function_handlerIFvvEPS0_E9_M_invokeERKSt9_Any_data
                0x000000000000126e        0xa C:\Users\kidsp\AppData\Local\arduino\sketches\886A4B3D532CF96E17043A9E7CEB4745\sketch\i2cMinimalSlave.ino.cpp.o
                0x000000000000126e                std::_Function_handler<void (), void (*)()>::_M_invoke(std::_Any_data const&)
 .text._ZNSt14_Function_base13_Base_managerIPFvvEE10_M_managerERSt9_Any_dataRKS4_St18_Manager_operation
                0x0000000000001278       0x1a C:\Users\kidsp\AppData\Local\arduino\sketches\886A4B3D532CF96E17043A9E7CEB4745\sketch\i2cMinimalSlave.ino.cpp.o
                0x0000000000001278                std::_Function_base::_Base_manager<void (*)()>::_M_manager(std::_Any_data&, std::_Any_data const&, std::_Manager_operation)
 .text._ZNSt14_Function_baseD2Ev
                0x0000000000001292       0x12 C:\Users\kidsp\AppData\Local\arduino\sketches\886A4B3D532CF96E17043A9E7CEB4745\sketch\i2cMinimalSlave.ino.cpp.o
                0x0000000000001292                std::_Function_base::~_Function_base()
                0x0000000000001292                std::_Function_base::~_Function_base()
 .text._Z12detect_shapePh
                0x00000000000012a4       0xa6 C:\Users\kidsp\AppData\Local\arduino\sketches\886A4B3D532CF96E17043A9E7CEB4745\sketch\i2cMinimalSlave.ino.cpp.o
                0x00000000000012a4                detect_shape(unsigned char*)
 .text._Z11readSensorsv
                0x000000000000134a       0x3a C:\Users\kidsp\AppData\Local\arduino\sketches\886A4B3D532CF96E17043A9E7CEB4745\sketch\i2cMinimalSlave.ino.cpp.o
                0x000000000000134a                readSensors()
 .text._Z13initCalibratev
                0x0000000000001384       0x40 C:\Users\kidsp\AppData\Local\arduino\sketches\886A4B3D532CF96E17043A9E7CEB4745\sketch\i2cMinimalSlave.ino.cpp.o
                0x0000000000001384                initCalibrate()
 .text._Z11doCalibratev
                0x00000000000013c4       0x60 C:\Users\kidsp\AppData\Local\arduino\sketches\886A4B3D532CF96E17043A9E7CEB4745\sketch\i2cMinimalSlave.ino.cpp.o
                0x00000000000013c4                doCalibrate()
 .text._Z10setEmitterh
                0x0000000000001424       0x1c C:\Users\kidsp\AppData\Local\arduino\sketches\886A4B3D532CF96E17043A9E7CEB4745\sketch\i2cMinimalSlave.ino.cpp.o
                0x0000000000001424                setEmitter(unsigned char)
 .text._Z13show_neopixelPh
                0x0000000000001440       0x88 C:\Users\kidsp\AppData\Local\arduino\sketches\886A4B3D532CF96E17043A9E7CEB4745\sketch\i2cMinimalSlave.ino.cpp.o
                0x0000000000001440                show_neopixel(unsigned char*)
 .text._Z17computeNormalizedPKhPh
                0x00000000000014c8       0x54 C:\Users\kidsp\AppData\Local\arduino\sketches\886A4B3D532CF96E17043A9E7CEB4745\sketch\i2cMinimalSlave.ino.cpp.o
                0x00000000000014c8                computeNormalized(unsigned char const*, unsigned char*)
 .text._Z15getLinePositionPKhRhS1_S1_
                0x000000000000151c       0x72 C:\Users\kidsp\AppData\Local\arduino\sketches\886A4B3D532CF96E17043A9E7CEB4745\sketch\i2cMinimalSlave.ino.cpp.o
                0x000000000000151c                getLinePosition(unsigned char const*, unsigned char&, unsigned char&, unsigned char&)
 .text._Z30computeMovingAverageDerivativeh
                0x000000000000158e      0x138 C:\Users\kidsp\AppData\Local\arduino\sketches\886A4B3D532CF96E17043A9E7CEB4745\sketch\i2cMinimalSlave.ino.cpp.o
                0x000000000000158e                computeMovingAverageDerivative(unsigned char)
 .text.setup    0x00000000000016c6       0xc4 C:\Users\kidsp\AppData\Local\arduino\sketches\886A4B3D532CF96E17043A9E7CEB4745\sketch\i2cMinimalSlave.ino.cpp.o
                0x00000000000016c6                setup
 .text.loop     0x000000000000178a       0xc0 C:\Users\kidsp\AppData\Local\arduino\sketches\886A4B3D532CF96E17043A9E7CEB4745\sketch\i2cMinimalSlave.ino.cpp.o
                0x000000000000178a                loop
 .text.startup._GLOBAL__sub_I_strip
                0x000000000000184a       0x1e C:\Users\kidsp\AppData\Local\arduino\sketches\886A4B3D532CF96E17043A9E7CEB4745\sketch\i2cMinimalSlave.ino.cpp.o
 .text.exit._GLOBAL__sub_D_strip
                0x0000000000001868        0xe C:\Users\kidsp\AppData\Local\arduino\sketches\886A4B3D532CF96E17043A9E7CEB4745\sketch\i2cMinimalSlave.ino.cpp.o
 .text._Z12ReceiveEventi
                0x0000000000001876      0x402 C:\Users\kidsp\AppData\Local\arduino\sketches\886A4B3D532CF96E17043A9E7CEB4745\sketch\i2cMinimalSlave.ino.cpp.o
                0x0000000000001876                ReceiveEvent(int)
 .text._Z12RequestEventv
                0x0000000000001c78      0x1ce C:\Users\kidsp\AppData\Local\arduino\sketches\886A4B3D532CF96E17043A9E7CEB4745\sketch\i2cMinimalSlave.ino.cpp.o
                0x0000000000001c78                RequestEvent()
 .text._ZN11EEPROMClass5beginEv
                0x0000000000001e46       0x4e C:\Users\kidsp\AppData\Local\arduino\sketches\886A4B3D532CF96E17043A9E7CEB4745\libraries\EEPROM\EEPROM.cpp.o
                0x0000000000001e46                EEPROMClass::begin()
 .text._ZN11EEPROMClass4readEi
                0x0000000000001e94       0x18 C:\Users\kidsp\AppData\Local\arduino\sketches\886A4B3D532CF96E17043A9E7CEB4745\libraries\EEPROM\EEPROM.cpp.o
                0x0000000000001e94                EEPROMClass::read(int)
 .text._ZN11EEPROMClass5writeEih
                0x0000000000001eac       0x18 C:\Users\kidsp\AppData\Local\arduino\sketches\886A4B3D532CF96E17043A9E7CEB4745\libraries\EEPROM\EEPROM.cpp.o
                0x0000000000001eac                EEPROMClass::write(int, unsigned char)
 .text._ZN11EEPROMClass6commitEv
                0x0000000000001ec4       0xea C:\Users\kidsp\AppData\Local\arduino\sketches\886A4B3D532CF96E17043A9E7CEB4745\libraries\EEPROM\EEPROM.cpp.o
                0x0000000000001ec4                EEPROMClass::commit()
 .text._ZN11EEPROMClass3endEv
                0x0000000000001fae       0x14 C:\Users\kidsp\AppData\Local\arduino\sketches\886A4B3D532CF96E17043A9E7CEB4745\libraries\EEPROM\EEPROM.cpp.o
                0x0000000000001fae                EEPROMClass::end()
 .text.startup._GLOBAL__sub_I__ZN11EEPROMClassC2Ev
                0x0000000000001fc2       0x12 C:\Users\kidsp\AppData\Local\arduino\sketches\886A4B3D532CF96E17043A9E7CEB4745\libraries\EEPROM\EEPROM.cpp.o
 .text.exit._GLOBAL__sub_D__ZN11EEPROMClassC2Ev
                0x0000000000001fd4        0xe C:\Users\kidsp\AppData\Local\arduino\sketches\886A4B3D532CF96E17043A9E7CEB4745\libraries\EEPROM\EEPROM.cpp.o
 .text._ZN17Adafruit_NeoPixelD2Ev
                0x0000000000001fe2       0x1e C:\Users\kidsp\AppData\Local\arduino\sketches\886A4B3D532CF96E17043A9E7CEB4745\libraries\Adafruit_NeoPixel\Adafruit_NeoPixel.cpp.o
                0x0000000000001fe2                Adafruit_NeoPixel::~Adafruit_NeoPixel()
                0x0000000000001fe2                Adafruit_NeoPixel::~Adafruit_NeoPixel()
 .text._ZN17Adafruit_NeoPixel5beginEv
                0x0000000000002000       0x32 C:\Users\kidsp\AppData\Local\arduino\sketches\886A4B3D532CF96E17043A9E7CEB4745\libraries\Adafruit_NeoPixel\Adafruit_NeoPixel.cpp.o
                0x0000000000002000                Adafruit_NeoPixel::begin()
 .text._ZN17Adafruit_NeoPixel12updateLengthEt
                0x0000000000002032       0x4c C:\Users\kidsp\AppData\Local\arduino\sketches\886A4B3D532CF96E17043A9E7CEB4745\libraries\Adafruit_NeoPixel\Adafruit_NeoPixel.cpp.o
                0x0000000000002032                Adafruit_NeoPixel::updateLength(unsigned short)
 .text._ZN17Adafruit_NeoPixel10updateTypeEt
                0x000000000000207e       0x54 C:\Users\kidsp\AppData\Local\arduino\sketches\886A4B3D532CF96E17043A9E7CEB4745\libraries\Adafruit_NeoPixel\Adafruit_NeoPixel.cpp.o
                0x000000000000207e                Adafruit_NeoPixel::updateType(unsigned short)
 .text._ZN17Adafruit_NeoPixel4showEv
                0x00000000000020d2      0x316 C:\Users\kidsp\AppData\Local\arduino\sketches\886A4B3D532CF96E17043A9E7CEB4745\libraries\Adafruit_NeoPixel\Adafruit_NeoPixel.cpp.o
                0x00000000000020d2                Adafruit_NeoPixel::show()
 .text._ZN17Adafruit_NeoPixel6setPinEs
                0x00000000000023e8       0xce C:\Users\kidsp\AppData\Local\arduino\sketches\886A4B3D532CF96E17043A9E7CEB4745\libraries\Adafruit_NeoPixel\Adafruit_NeoPixel.cpp.o
                0x00000000000023e8                Adafruit_NeoPixel::setPin(short)
 .text._ZN17Adafruit_NeoPixelC2Etst
                0x00000000000024b6       0x38 C:\Users\kidsp\AppData\Local\arduino\sketches\886A4B3D532CF96E17043A9E7CEB4745\libraries\Adafruit_NeoPixel\Adafruit_NeoPixel.cpp.o
                0x00000000000024b6                Adafruit_NeoPixel::Adafruit_NeoPixel(unsigned short, short, unsigned short)
                0x00000000000024b6                Adafruit_NeoPixel::Adafruit_NeoPixel(unsigned short, short, unsigned short)
 .text._ZN17Adafruit_NeoPixel13setPixelColorEtm
                0x00000000000024ee       0x8e C:\Users\kidsp\AppData\Local\arduino\sketches\886A4B3D532CF96E17043A9E7CEB4745\libraries\Adafruit_NeoPixel\Adafruit_NeoPixel.cpp.o
                0x00000000000024ee                Adafruit_NeoPixel::setPixelColor(unsigned short, unsigned long)
 .text._ZN17Adafruit_NeoPixel5clearEv
                0x000000000000257c       0x12 C:\Users\kidsp\AppData\Local\arduino\sketches\886A4B3D532CF96E17043A9E7CEB4745\libraries\Adafruit_NeoPixel\Adafruit_NeoPixel.cpp.o
                0x000000000000257c                Adafruit_NeoPixel::clear()
 .text._ZN5Print17availableForWriteEv
                0x000000000000258e        0x4 C:\Users\kidsp\AppData\Local\arduino\sketches\886A4B3D532CF96E17043A9E7CEB4745\libraries\Wire\Wire.cpp.o
                0x000000000000258e                Print::availableForWrite()
 .text._ZN7TwoWire9availableEv
                0x0000000000002592        0xa C:\Users\kidsp\AppData\Local\arduino\sketches\886A4B3D532CF96E17043A9E7CEB4745\libraries\Wire\Wire.cpp.o
                0x0000000000002592                TwoWire::available()
 .text._ZN7TwoWire4readEv
                0x000000000000259c       0x1a C:\Users\kidsp\AppData\Local\arduino\sketches\886A4B3D532CF96E17043A9E7CEB4745\libraries\Wire\Wire.cpp.o
                0x000000000000259c                TwoWire::read()
 .text._ZN7TwoWire4peekEv
                0x00000000000025b6       0x14 C:\Users\kidsp\AppData\Local\arduino\sketches\886A4B3D532CF96E17043A9E7CEB4745\libraries\Wire\Wire.cpp.o
                0x00000000000025b6                TwoWire::peek()
 .text._ZN7TwoWire16onRequestServiceEP5i2c_s
                0x00000000000025ca       0x20 C:\Users\kidsp\AppData\Local\arduino\sketches\886A4B3D532CF96E17043A9E7CEB4745\libraries\Wire\Wire.cpp.o
                0x00000000000025ca                TwoWire::onRequestService(i2c_s*)
 .text._ZN7TwoWire5writeEh
                0x00000000000025ea       0x6e C:\Users\kidsp\AppData\Local\arduino\sketches\886A4B3D532CF96E17043A9E7CEB4745\libraries\Wire\Wire.cpp.o
                0x00000000000025ea                TwoWire::write(unsigned char)
 .text._ZN7TwoWire5writeEPKhj
                0x0000000000002658       0x6e C:\Users\kidsp\AppData\Local\arduino\sketches\886A4B3D532CF96E17043A9E7CEB4745\libraries\Wire\Wire.cpp.o
                0x0000000000002658                TwoWire::write(unsigned char const*, unsigned int)
 .text._ZN7TwoWireC2Ev
                0x00000000000026c6       0x2a C:\Users\kidsp\AppData\Local\arduino\sketches\886A4B3D532CF96E17043A9E7CEB4745\libraries\Wire\Wire.cpp.o
                0x00000000000026c6                TwoWire::TwoWire()
                0x00000000000026c6                TwoWire::TwoWire()
 .text._ZN7TwoWire16allocateRxBufferEj
                0x00000000000026f0       0x30 C:\Users\kidsp\AppData\Local\arduino\sketches\886A4B3D532CF96E17043A9E7CEB4745\libraries\Wire\Wire.cpp.o
                0x00000000000026f0                TwoWire::allocateRxBuffer(unsigned int)
 .text._ZN7TwoWire16onReceiveServiceEP5i2c_s
                0x0000000000002720       0x54 C:\Users\kidsp\AppData\Local\arduino\sketches\886A4B3D532CF96E17043A9E7CEB4745\libraries\Wire\Wire.cpp.o
                0x0000000000002720                TwoWire::onReceiveService(i2c_s*)
 .text._ZN7TwoWire13resetTxBufferEv
                0x0000000000002774       0x18 C:\Users\kidsp\AppData\Local\arduino\sketches\886A4B3D532CF96E17043A9E7CEB4745\libraries\Wire\Wire.cpp.o
                0x0000000000002774                TwoWire::resetTxBuffer()
 .text._ZN7TwoWire5flushEv
                0x000000000000278c       0x26 C:\Users\kidsp\AppData\Local\arduino\sketches\886A4B3D532CF96E17043A9E7CEB4745\libraries\Wire\Wire.cpp.o
                0x000000000000278c                TwoWire::flush()
 .text._ZN7TwoWire10recoverBusEv
                0x00000000000027b2      0x232 C:\Users\kidsp\AppData\Local\arduino\sketches\886A4B3D532CF96E17043A9E7CEB4745\libraries\Wire\Wire.cpp.o
                0x00000000000027b2                TwoWire::recoverBus()
 .text._ZN7TwoWire5beginEhbb
                0x00000000000029e4       0x76 C:\Users\kidsp\AppData\Local\arduino\sketches\886A4B3D532CF96E17043A9E7CEB4745\libraries\Wire\Wire.cpp.o
                0x00000000000029e4                TwoWire::begin(unsigned char, bool, bool)
 .text._ZN7TwoWire5beginEibb
                0x0000000000002a5a        0xe C:\Users\kidsp\AppData\Local\arduino\sketches\886A4B3D532CF96E17043A9E7CEB4745\libraries\Wire\Wire.cpp.o
                0x0000000000002a5a                TwoWire::begin(int, bool, bool)
 .text._ZSt4swapISt9_Any_dataENSt9enable_ifIXsrSt6__and_IJSt6__not_ISt15__is_tuple_likeIT_EESt21is_move_constructibleIS5_ESt18is_move_assignableIS5_EEE5valueEvE4typeERS5_SF_
                0x0000000000002a68       0x16 C:\Users\kidsp\AppData\Local\arduino\sketches\886A4B3D532CF96E17043A9E7CEB4745\libraries\Wire\Wire.cpp.o
                0x0000000000002a68                std::enable_if<std::__and_<std::__not_<std::__is_tuple_like<std::_Any_data> >, std::is_move_constructible<std::_Any_data>, std::is_move_assignable<std::_Any_data> >::value, void>::type std::swap<std::_Any_data>(std::_Any_data&, std::_Any_data&)
 .text._ZN7TwoWire9onReceiveESt8functionIFviEE
                0x0000000000002a7e       0x4c C:\Users\kidsp\AppData\Local\arduino\sketches\886A4B3D532CF96E17043A9E7CEB4745\libraries\Wire\Wire.cpp.o
                0x0000000000002a7e                TwoWire::onReceive(std::function<void (int)>)
 .text._ZN7TwoWire9onRequestESt8functionIFvvEE
                0x0000000000002aca       0x4c C:\Users\kidsp\AppData\Local\arduino\sketches\886A4B3D532CF96E17043A9E7CEB4745\libraries\Wire\Wire.cpp.o
                0x0000000000002aca                TwoWire::onRequest(std::function<void ()>)
 .text.startup._GLOBAL__sub_I__ZN7TwoWireC2Ev
                0x0000000000002b16       0x10 C:\Users\kidsp\AppData\Local\arduino\sketches\886A4B3D532CF96E17043A9E7CEB4745\libraries\Wire\Wire.cpp.o
 .text.exit._GLOBAL__sub_D__ZN7TwoWireC2Ev
                0x0000000000002b26       0x24 C:\Users\kidsp\AppData\Local\arduino\sketches\886A4B3D532CF96E17043A9E7CEB4745\libraries\Wire\Wire.cpp.o
 .text.i2c_custom_init
                0x0000000000002b4a      0x174 C:\Users\kidsp\AppData\Local\arduino\sketches\886A4B3D532CF96E17043A9E7CEB4745\libraries\Wire\utility\twi.c.o
                0x0000000000002b4a                i2c_custom_init
 .text.i2c_ClearErrorFlags
                0x0000000000002cbe       0x3e C:\Users\kidsp\AppData\Local\arduino\sketches\886A4B3D532CF96E17043A9E7CEB4745\libraries\Wire\utility\twi.c.o
                0x0000000000002cbe                i2c_ClearErrorFlags
 .text.i2c_ClearStopFlag
                0x0000000000002cfc       0x20 C:\Users\kidsp\AppData\Local\arduino\sketches\886A4B3D532CF96E17043A9E7CEB4745\libraries\Wire\utility\twi.c.o
                0x0000000000002cfc                i2c_ClearStopFlag
 .text.i2c_slave_process
                0x0000000000002d1c       0x9a C:\Users\kidsp\AppData\Local\arduino\sketches\886A4B3D532CF96E17043A9E7CEB4745\libraries\Wire\utility\twi.c.o
                0x0000000000002d1c                i2c_slave_process
 .text.i2c_slave_write
                0x0000000000002db6       0x66 C:\Users\kidsp\AppData\Local\arduino\sketches\886A4B3D532CF96E17043A9E7CEB4745\libraries\Wire\utility\twi.c.o
                0x0000000000002db6                i2c_slave_write
 .text.i2c_attachSlaveRxEvent
                0x0000000000002e1c        0x4 C:\Users\kidsp\AppData\Local\arduino\sketches\886A4B3D532CF96E17043A9E7CEB4745\libraries\Wire\utility\twi.c.o
                0x0000000000002e1c                i2c_attachSlaveRxEvent
 .text.i2c_attachSlaveTxEvent
                0x0000000000002e20        0x4 C:\Users\kidsp\AppData\Local\arduino\sketches\886A4B3D532CF96E17043A9E7CEB4745\libraries\Wire\utility\twi.c.o
                0x0000000000002e20                i2c_attachSlaveTxEvent
 .text.I2C1_EV_IRQHandler
                0x0000000000002e24       0x16 C:\Users\kidsp\AppData\Local\arduino\sketches\886A4B3D532CF96E17043A9E7CEB4745\libraries\Wire\utility\twi.c.o
                0x0000000000002e24                I2C1_EV_IRQHandler
 .text.I2C1_ER_IRQHandler
                0x0000000000002e3a        0xe C:\Users\kidsp\AppData\Local\arduino\sketches\886A4B3D532CF96E17043A9E7CEB4745\libraries\Wire\utility\twi.c.o
                0x0000000000002e3a                I2C1_ER_IRQHandler
 .text.I2C2_EV_IRQHandler
                0x0000000000002e48       0x16 C:\Users\kidsp\AppData\Local\arduino\sketches\886A4B3D532CF96E17043A9E7CEB4745\libraries\Wire\utility\twi.c.o
                0x0000000000002e48                I2C2_EV_IRQHandler
 .text.I2C2_ER_IRQHandler
                0x0000000000002e5e        0xe C:\Users\kidsp\AppData\Local\arduino\sketches\886A4B3D532CF96E17043A9E7CEB4745\libraries\Wire\utility\twi.c.o
                0x0000000000002e5e                I2C2_ER_IRQHandler
 .text._ZN5Print5flushEv
                0x0000000000002e6c        0x2 C:\Users\kidsp\AppData\Local\arduino\cores\2b5686054c6ab046b9bd52399061f729\core.a(HardwareSerial.cpp.o)
                0x0000000000002e6c                Print::flush()
 .text._ZN14HardwareSerial9availableEv
                0x0000000000002e6e        0x4 C:\Users\kidsp\AppData\Local\arduino\cores\2b5686054c6ab046b9bd52399061f729\core.a(HardwareSerial.cpp.o)
                0x0000000000002e6e                HardwareSerial::available()
                0x0000000000002e6e                HardwareSerial::peek()
 .text._ZN14HardwareSerial5writeEh
                0x0000000000002e72       0x1a C:\Users\kidsp\AppData\Local\arduino\cores\2b5686054c6ab046b9bd52399061f729\core.a(HardwareSerial.cpp.o)
                0x0000000000002e72                HardwareSerial::write(unsigned char)
 .text._ZN14HardwareSerial4readEv
                0x0000000000002e8c       0x1e C:\Users\kidsp\AppData\Local\arduino\cores\2b5686054c6ab046b9bd52399061f729\core.a(HardwareSerial.cpp.o)
                0x0000000000002e8c                HardwareSerial::read()
 .text._ZN14HardwareSerial5writeEPKhj
                0x0000000000002eaa       0x10 C:\Users\kidsp\AppData\Local\arduino\cores\2b5686054c6ab046b9bd52399061f729\core.a(HardwareSerial.cpp.o)
                0x0000000000002eaa                HardwareSerial::write(unsigned char const*, unsigned int)
 .text._ZN14HardwareSerial5beginEmh
                0x0000000000002eba       0x68 C:\Users\kidsp\AppData\Local\arduino\cores\2b5686054c6ab046b9bd52399061f729\core.a(HardwareSerial.cpp.o)
                0x0000000000002eba                HardwareSerial::begin(unsigned long, unsigned char)
 .text._ZN14HardwareSerial5setRxEm
                0x0000000000002f22       0x5a C:\Users\kidsp\AppData\Local\arduino\cores\2b5686054c6ab046b9bd52399061f729\core.a(HardwareSerial.cpp.o)
                0x0000000000002f22                HardwareSerial::setRx(unsigned long)
 .text._ZN14HardwareSerial5setTxEm
                0x0000000000002f7c       0x5a C:\Users\kidsp\AppData\Local\arduino\cores\2b5686054c6ab046b9bd52399061f729\core.a(HardwareSerial.cpp.o)
                0x0000000000002f7c                HardwareSerial::setTx(unsigned long)
 .text._ZN14HardwareSerialC2EPv
                0x0000000000002fd6       0x3a C:\Users\kidsp\AppData\Local\arduino\cores\2b5686054c6ab046b9bd52399061f729\core.a(HardwareSerial.cpp.o)
                0x0000000000002fd6                HardwareSerial::HardwareSerial(void*)
                0x0000000000002fd6                HardwareSerial::HardwareSerial(void*)
 .text.startup._GLOBAL__sub_I__ZN14HardwareSerialC2EPv
                0x0000000000003010       0x16 C:\Users\kidsp\AppData\Local\arduino\cores\2b5686054c6ab046b9bd52399061f729\core.a(HardwareSerial.cpp.o)
 .text._ZNSt8functionIFvvEEaSEDn.isra.3
                0x0000000000003026       0x1e C:\Users\kidsp\AppData\Local\arduino\cores\2b5686054c6ab046b9bd52399061f729\core.a(HardwareTimer.cpp.o)
 .text._Z15get_timer_indexP11TIM_TypeDef
                0x0000000000003044       0x44 C:\Users\kidsp\AppData\Local\arduino\cores\2b5686054c6ab046b9bd52399061f729\core.a(HardwareTimer.cpp.o)
                0x0000000000003044                get_timer_index(TIM_TypeDef*)
 .text._ZN13HardwareTimerD2Ev
                0x0000000000003088       0x3e C:\Users\kidsp\AppData\Local\arduino\cores\2b5686054c6ab046b9bd52399061f729\core.a(HardwareTimer.cpp.o)
                0x0000000000003088                HardwareTimer::~HardwareTimer()
                0x0000000000003088                HardwareTimer::~HardwareTimer()
 .text._ZN13HardwareTimer5setupEP11TIM_TypeDef
                0x00000000000030c6       0xae C:\Users\kidsp\AppData\Local\arduino\cores\2b5686054c6ab046b9bd52399061f729\core.a(HardwareTimer.cpp.o)
                0x00000000000030c6                HardwareTimer::setup(TIM_TypeDef*)
 .text._ZN13HardwareTimerC2EP11TIM_TypeDef
                0x0000000000003174       0x4a C:\Users\kidsp\AppData\Local\arduino\cores\2b5686054c6ab046b9bd52399061f729\core.a(HardwareTimer.cpp.o)
                0x0000000000003174                HardwareTimer::HardwareTimer(TIM_TypeDef*)
                0x0000000000003174                HardwareTimer::HardwareTimer(TIM_TypeDef*)
 .text._ZNKSt8functionIFvvEEclEv
                0x00000000000031be       0x14 C:\Users\kidsp\AppData\Local\arduino\cores\2b5686054c6ab046b9bd52399061f729\core.a(HardwareTimer.cpp.o)
                0x00000000000031be                std::function<void ()>::operator()() const
 .text._ZN13HardwareTimer14updateCallbackEP17TIM_HandleTypeDef
                0x00000000000031d2       0x3a C:\Users\kidsp\AppData\Local\arduino\cores\2b5686054c6ab046b9bd52399061f729\core.a(HardwareTimer.cpp.o)
                0x00000000000031d2                HardwareTimer::updateCallback(TIM_HandleTypeDef*)
 .text.TIM1_UP_IRQHandler
                0x000000000000320c        0xe C:\Users\kidsp\AppData\Local\arduino\cores\2b5686054c6ab046b9bd52399061f729\core.a(HardwareTimer.cpp.o)
                0x000000000000320c                TIM1_UP_IRQHandler
 .text._ZN13HardwareTimer22captureCompareCallbackEP17TIM_HandleTypeDef
                0x000000000000321a       0x9a C:\Users\kidsp\AppData\Local\arduino\cores\2b5686054c6ab046b9bd52399061f729\core.a(HardwareTimer.cpp.o)
                0x000000000000321a                HardwareTimer::captureCompareCallback(TIM_HandleTypeDef*)
 .text.TIM1_CC_IRQHandler
                0x00000000000032b4       0x10 C:\Users\kidsp\AppData\Local\arduino\cores\2b5686054c6ab046b9bd52399061f729\core.a(HardwareTimer.cpp.o)
                0x00000000000032b4                TIM1_CC_IRQHandler
 .text.TIM2_IRQHandler
                0x00000000000032c4       0x22 C:\Users\kidsp\AppData\Local\arduino\cores\2b5686054c6ab046b9bd52399061f729\core.a(HardwareTimer.cpp.o)
                0x00000000000032c4                TIM2_IRQHandler
 .text.TIM3_IRQHandler
                0x00000000000032e6       0x22 C:\Users\kidsp\AppData\Local\arduino\cores\2b5686054c6ab046b9bd52399061f729\core.a(HardwareTimer.cpp.o)
                0x00000000000032e6                TIM3_IRQHandler
 .text.TIM4_IRQHandler
                0x0000000000003308       0x22 C:\Users\kidsp\AppData\Local\arduino\cores\2b5686054c6ab046b9bd52399061f729\core.a(HardwareTimer.cpp.o)
                0x0000000000003308                TIM4_IRQHandler
 .text._ZN5Print5writeEPKc
                0x000000000000332a       0x28 C:\Users\kidsp\AppData\Local\arduino\cores\2b5686054c6ab046b9bd52399061f729\core.a(Print.cpp.o)
                0x000000000000332a                Print::write(char const*)
 .text._ZN5Print7printlnEv
                0x0000000000003352       0x14 C:\Users\kidsp\AppData\Local\arduino\cores\2b5686054c6ab046b9bd52399061f729\core.a(Print.cpp.o)
                0x0000000000003352                Print::println()
 .text._ZN5Print7printlnEPKc
                0x0000000000003366       0x18 C:\Users\kidsp\AppData\Local\arduino\cores\2b5686054c6ab046b9bd52399061f729\core.a(Print.cpp.o)
                0x0000000000003366                Print::println(char const*)
 .text._write   0x000000000000337e       0x2e C:\Users\kidsp\AppData\Local\arduino\cores\2b5686054c6ab046b9bd52399061f729\core.a(Print.cpp.o)
                0x000000000000337e                _write
 .text._ZN5Print6printfEPKcz
                0x00000000000033ac       0x1e C:\Users\kidsp\AppData\Local\arduino\cores\2b5686054c6ab046b9bd52399061f729\core.a(Print.cpp.o)
                0x00000000000033ac                Print::printf(char const*, ...)
 .text._ZN6Stream9timedReadEv
                0x00000000000033ca       0x2c C:\Users\kidsp\AppData\Local\arduino\cores\2b5686054c6ab046b9bd52399061f729\core.a(Stream.cpp.o)
                0x00000000000033ca                Stream::timedRead()
 .text._ZN6Stream9readBytesEPcj
                0x00000000000033f6       0x32 C:\Users\kidsp\AppData\Local\arduino\cores\2b5686054c6ab046b9bd52399061f729\core.a(Stream.cpp.o)
                0x00000000000033f6                Stream::readBytes(char*, unsigned int)
 .text._ZN6Stream14readBytesUntilEcPcj
                0x0000000000003428       0x32 C:\Users\kidsp\AppData\Local\arduino\cores\2b5686054c6ab046b9bd52399061f729\core.a(Stream.cpp.o)
                0x0000000000003428                Stream::readBytesUntil(char, char*, unsigned int)
 .text.pre_init
                0x000000000000345a        0xa C:\Users\kidsp\AppData\Local\arduino\cores\2b5686054c6ab046b9bd52399061f729\core.a(board.c.o)
                0x000000000000345a                pre_init
 .text.set_GPIO_Port_Clock
                0x0000000000003464       0x6c C:\Users\kidsp\AppData\Local\arduino\cores\2b5686054c6ab046b9bd52399061f729\core.a(PortNames.c.o)
                0x0000000000003464                set_GPIO_Port_Clock
 .text.get_adc_channel
                0x00000000000034d0       0x2a C:\Users\kidsp\AppData\Local\arduino\cores\2b5686054c6ab046b9bd52399061f729\core.a(analog.cpp.o)
                0x00000000000034d0                get_adc_channel
 .text.get_adc_internal_channel
                0x00000000000034fa       0x1a C:\Users\kidsp\AppData\Local\arduino\cores\2b5686054c6ab046b9bd52399061f729\core.a(analog.cpp.o)
                0x00000000000034fa                get_adc_internal_channel
 .text.ADC_Clock_EN
                0x0000000000003514       0x48 C:\Users\kidsp\AppData\Local\arduino\cores\2b5686054c6ab046b9bd52399061f729\core.a(analog.cpp.o)
                0x0000000000003514                ADC_Clock_EN
 .text.ADC_Stop
                0x000000000000355c        0xc C:\Users\kidsp\AppData\Local\arduino\cores\2b5686054c6ab046b9bd52399061f729\core.a(analog.cpp.o)
                0x000000000000355c                ADC_Stop
 .text.adc_read_value
                0x0000000000003568       0xbc C:\Users\kidsp\AppData\Local\arduino\cores\2b5686054c6ab046b9bd52399061f729\core.a(analog.cpp.o)
                0x0000000000003568                adc_read_value
 .text.pwm_stop
                0x0000000000003624       0x6a C:\Users\kidsp\AppData\Local\arduino\cores\2b5686054c6ab046b9bd52399061f729\core.a(analog.cpp.o)
                0x0000000000003624                pwm_stop
 .text.GetTick  0x000000000000368e        0xa C:\Users\kidsp\AppData\Local\arduino\cores\2b5686054c6ab046b9bd52399061f729\core.a(clock.c.o)
                0x000000000000368e                GetTick
 .text.noOsSystickHandler
                0x0000000000003698        0x2 C:\Users\kidsp\AppData\Local\arduino\cores\2b5686054c6ab046b9bd52399061f729\core.a(clock.c.o)
                0x0000000000003698                osSystickHandler
                0x0000000000003698                noOsSystickHandler
 .text.getCurrentMillis
                0x000000000000369a        0xc C:\Users\kidsp\AppData\Local\arduino\cores\2b5686054c6ab046b9bd52399061f729\core.a(clock.c.o)
                0x000000000000369a                getCurrentMillis
 .text.getCurrentMicros
                0x00000000000036a6       0x9a C:\Users\kidsp\AppData\Local\arduino\cores\2b5686054c6ab046b9bd52399061f729\core.a(clock.c.o)
                0x00000000000036a6                getCurrentMicros
 .text.SysTick_Handler
                0x0000000000003740       0x2c C:\Users\kidsp\AppData\Local\arduino\cores\2b5686054c6ab046b9bd52399061f729\core.a(clock.c.o)
                0x0000000000003740                SysTick_Handler
 .text.systick_init
                0x000000000000376c       0x40 C:\Users\kidsp\AppData\Local\arduino\cores\2b5686054c6ab046b9bd52399061f729\core.a(hw_config.c.o)
                0x000000000000376c                systick_init
 .text.hw_config_init
                0x00000000000037ac        0xc C:\Users\kidsp\AppData\Local\arduino\cores\2b5686054c6ab046b9bd52399061f729\core.a(hw_config.c.o)
                0x00000000000037ac                hw_config_init
 .text._Z19_gpio_exti_callbackt
                0x00000000000037b8       0x2e C:\Users\kidsp\AppData\Local\arduino\cores\2b5686054c6ab046b9bd52399061f729\core.a(interrupt.cpp.o)
                0x00000000000037b8                _gpio_exti_callback(unsigned short)
 .text.EXTI0_IRQHandler
                0x00000000000037e6        0xe C:\Users\kidsp\AppData\Local\arduino\cores\2b5686054c6ab046b9bd52399061f729\core.a(interrupt.cpp.o)
                0x00000000000037e6                EXTI0_IRQHandler
 .text.EXTI1_IRQHandler
                0x00000000000037f4        0xe C:\Users\kidsp\AppData\Local\arduino\cores\2b5686054c6ab046b9bd52399061f729\core.a(interrupt.cpp.o)
                0x00000000000037f4                EXTI1_IRQHandler
 .text.EXTI2_IRQHandler
                0x0000000000003802        0xe C:\Users\kidsp\AppData\Local\arduino\cores\2b5686054c6ab046b9bd52399061f729\core.a(interrupt.cpp.o)
                0x0000000000003802                EXTI2_IRQHandler
 .text.EXTI3_IRQHandler
                0x0000000000003810        0xe C:\Users\kidsp\AppData\Local\arduino\cores\2b5686054c6ab046b9bd52399061f729\core.a(interrupt.cpp.o)
                0x0000000000003810                EXTI3_IRQHandler
 .text.EXTI4_IRQHandler
                0x000000000000381e        0xe C:\Users\kidsp\AppData\Local\arduino\cores\2b5686054c6ab046b9bd52399061f729\core.a(interrupt.cpp.o)
                0x000000000000381e                EXTI4_IRQHandler
 .text.EXTI9_5_IRQHandler
                0x000000000000382c       0x30 C:\Users\kidsp\AppData\Local\arduino\cores\2b5686054c6ab046b9bd52399061f729\core.a(interrupt.cpp.o)
                0x000000000000382c                EXTI9_5_IRQHandler
 .text.EXTI15_10_IRQHandler
                0x000000000000385c       0x30 C:\Users\kidsp\AppData\Local\arduino\cores\2b5686054c6ab046b9bd52399061f729\core.a(interrupt.cpp.o)
                0x000000000000385c                EXTI15_10_IRQHandler
 .text.ADC_DeInit
                0x000000000000388c       0x40 C:\Users\kidsp\AppData\Local\arduino\cores\2b5686054c6ab046b9bd52399061f729\core.a(ch32yyxx_adc.c.o)
                0x000000000000388c                ADC_DeInit
 .text.ADC_Init
                0x00000000000038cc       0x56 C:\Users\kidsp\AppData\Local\arduino\cores\2b5686054c6ab046b9bd52399061f729\core.a(ch32yyxx_adc.c.o)
                0x00000000000038cc                ADC_Init
 .text.ADC_Cmd  0x0000000000003922       0x10 C:\Users\kidsp\AppData\Local\arduino\cores\2b5686054c6ab046b9bd52399061f729\core.a(ch32yyxx_adc.c.o)
                0x0000000000003922                ADC_Cmd
 .text.ADC_SoftwareStartConvCmd
                0x0000000000003932       0x18 C:\Users\kidsp\AppData\Local\arduino\cores\2b5686054c6ab046b9bd52399061f729\core.a(ch32yyxx_adc.c.o)
                0x0000000000003932                ADC_SoftwareStartConvCmd
 .text.ADC_RegularChannelConfig
                0x000000000000394a       0xb8 C:\Users\kidsp\AppData\Local\arduino\cores\2b5686054c6ab046b9bd52399061f729\core.a(ch32yyxx_adc.c.o)
                0x000000000000394a                ADC_RegularChannelConfig
 .text.ADC_GetFlagStatus
                0x0000000000003a02        0xa C:\Users\kidsp\AppData\Local\arduino\cores\2b5686054c6ab046b9bd52399061f729\core.a(ch32yyxx_adc.c.o)
                0x0000000000003a02                ADC_GetFlagStatus
 .text._sbrk    0x0000000000003a0c       0x26 C:\Users\kidsp\AppData\Local\arduino\cores\2b5686054c6ab046b9bd52399061f729\core.a(ch32yyxx_debug.c.o)
                0x0000000000003a0c                _sbrk
 .text._fini    0x0000000000003a32        0x2 C:\Users\kidsp\AppData\Local\arduino\cores\2b5686054c6ab046b9bd52399061f729\core.a(ch32yyxx_debug.c.o)
                0x0000000000003a32                _fini
 .text._init    0x0000000000003a34        0x2 C:\Users\kidsp\AppData\Local\arduino\cores\2b5686054c6ab046b9bd52399061f729\core.a(ch32yyxx_debug.c.o)
                0x0000000000003a34                _init
 .text.EXTI_GetITStatus
                0x0000000000003a36       0x1e C:\Users\kidsp\AppData\Local\arduino\cores\2b5686054c6ab046b9bd52399061f729\core.a(ch32yyxx_exti.c.o)
                0x0000000000003a36                EXTI_GetITStatus
 .text.EXTI_ClearITPendingBit
                0x0000000000003a54        0xa C:\Users\kidsp\AppData\Local\arduino\cores\2b5686054c6ab046b9bd52399061f729\core.a(ch32yyxx_exti.c.o)
                0x0000000000003a54                EXTI_ClearITPendingBit
 .text.GPIO_Init
                0x0000000000003a5e       0xf2 C:\Users\kidsp\AppData\Local\arduino\cores\2b5686054c6ab046b9bd52399061f729\core.a(ch32yyxx_gpio.c.o)
                0x0000000000003a5e                GPIO_Init
 .text.GPIO_ReadInputDataBit
                0x0000000000003b50       0x1a C:\Users\kidsp\AppData\Local\arduino\cores\2b5686054c6ab046b9bd52399061f729\core.a(ch32yyxx_gpio.c.o)
                0x0000000000003b50                GPIO_ReadInputDataBit
 .text.GPIO_SetBits
                0x0000000000003b6a       0x14 C:\Users\kidsp\AppData\Local\arduino\cores\2b5686054c6ab046b9bd52399061f729\core.a(ch32yyxx_gpio.c.o)
                0x0000000000003b6a                GPIO_SetBits
 .text.GPIO_ResetBits
                0x0000000000003b7e       0x14 C:\Users\kidsp\AppData\Local\arduino\cores\2b5686054c6ab046b9bd52399061f729\core.a(ch32yyxx_gpio.c.o)
                0x0000000000003b7e                GPIO_ResetBits
 .text.GPIO_PinRemapConfig
                0x0000000000003b92       0xe0 C:\Users\kidsp\AppData\Local\arduino\cores\2b5686054c6ab046b9bd52399061f729\core.a(ch32yyxx_gpio.c.o)
                0x0000000000003b92                GPIO_PinRemapConfig
 .text.I2C_Init
                0x0000000000003c72       0xf2 C:\Users\kidsp\AppData\Local\arduino\cores\2b5686054c6ab046b9bd52399061f729\core.a(ch32yyxx_i2c.c.o)
                0x0000000000003c72                I2C_Init
 .text.I2C_Cmd  0x0000000000003d64       0x18 C:\Users\kidsp\AppData\Local\arduino\cores\2b5686054c6ab046b9bd52399061f729\core.a(ch32yyxx_i2c.c.o)
                0x0000000000003d64                I2C_Cmd
 .text.I2C_SendData
                0x0000000000003d7c        0x4 C:\Users\kidsp\AppData\Local\arduino\cores\2b5686054c6ab046b9bd52399061f729\core.a(ch32yyxx_i2c.c.o)
                0x0000000000003d7c                I2C_SendData
 .text.I2C_ReceiveData
                0x0000000000003d80        0x8 C:\Users\kidsp\AppData\Local\arduino\cores\2b5686054c6ab046b9bd52399061f729\core.a(ch32yyxx_i2c.c.o)
                0x0000000000003d80                I2C_ReceiveData
 .text.I2C_CheckEvent
                0x0000000000003d88       0x16 C:\Users\kidsp\AppData\Local\arduino\cores\2b5686054c6ab046b9bd52399061f729\core.a(ch32yyxx_i2c.c.o)
                0x0000000000003d88                I2C_CheckEvent
 .text.I2C_GetLastEvent
                0x0000000000003d9e        0xe C:\Users\kidsp\AppData\Local\arduino\cores\2b5686054c6ab046b9bd52399061f729\core.a(ch32yyxx_i2c.c.o)
                0x0000000000003d9e                I2C_GetLastEvent
 .text.I2C_GetFlagStatus
                0x0000000000003dac       0x32 C:\Users\kidsp\AppData\Local\arduino\cores\2b5686054c6ab046b9bd52399061f729\core.a(ch32yyxx_i2c.c.o)
                0x0000000000003dac                I2C_GetFlagStatus
 .text.I2C_ClearFlag
                0x0000000000003dde        0xc C:\Users\kidsp\AppData\Local\arduino\cores\2b5686054c6ab046b9bd52399061f729\core.a(ch32yyxx_i2c.c.o)
                0x0000000000003dde                I2C_ClearFlag
 .text.NMI_Handler
                0x0000000000003dea        0x4 C:\Users\kidsp\AppData\Local\arduino\cores\2b5686054c6ab046b9bd52399061f729\core.a(ch32yyxx_it.c.o)
                0x0000000000003dea                NMI_Handler
 .text.HardFault_Handler
                0x0000000000003dee        0x2 C:\Users\kidsp\AppData\Local\arduino\cores\2b5686054c6ab046b9bd52399061f729\core.a(ch32yyxx_it.c.o)
                0x0000000000003dee                HardFault_Handler
 .text.Ecall_U_Mode_Handler
                0x0000000000003df0        0x2 C:\Users\kidsp\AppData\Local\arduino\cores\2b5686054c6ab046b9bd52399061f729\core.a(ch32yyxx_it.c.o)
                0x0000000000003df0                Ecall_U_Mode_Handler
 .text.Ecall_M_Mode_Handler
                0x0000000000003df2        0x2 C:\Users\kidsp\AppData\Local\arduino\cores\2b5686054c6ab046b9bd52399061f729\core.a(ch32yyxx_it.c.o)
                0x0000000000003df2                Ecall_M_Mode_Handler
 .text.RCC_ADCCLKConfig
                0x0000000000003df4       0x12 C:\Users\kidsp\AppData\Local\arduino\cores\2b5686054c6ab046b9bd52399061f729\core.a(ch32yyxx_rcc.c.o)
                0x0000000000003df4                RCC_ADCCLKConfig
 .text.RCC_GetClocksFreq
                0x0000000000003e06       0xbe C:\Users\kidsp\AppData\Local\arduino\cores\2b5686054c6ab046b9bd52399061f729\core.a(ch32yyxx_rcc.c.o)
                0x0000000000003e06                RCC_GetClocksFreq
 .text.RCC_APB2PeriphClockCmd
                0x0000000000003ec4       0x1e C:\Users\kidsp\AppData\Local\arduino\cores\2b5686054c6ab046b9bd52399061f729\core.a(ch32yyxx_rcc.c.o)
                0x0000000000003ec4                RCC_APB2PeriphClockCmd
 .text.RCC_APB1PeriphClockCmd
                0x0000000000003ee2       0x1e C:\Users\kidsp\AppData\Local\arduino\cores\2b5686054c6ab046b9bd52399061f729\core.a(ch32yyxx_rcc.c.o)
                0x0000000000003ee2                RCC_APB1PeriphClockCmd
 .text.RCC_APB2PeriphResetCmd
                0x0000000000003f00       0x1e C:\Users\kidsp\AppData\Local\arduino\cores\2b5686054c6ab046b9bd52399061f729\core.a(ch32yyxx_rcc.c.o)
                0x0000000000003f00                RCC_APB2PeriphResetCmd
 .text.RCC_APB1PeriphResetCmd
                0x0000000000003f1e       0x1e C:\Users\kidsp\AppData\Local\arduino\cores\2b5686054c6ab046b9bd52399061f729\core.a(ch32yyxx_rcc.c.o)
                0x0000000000003f1e                RCC_APB1PeriphResetCmd
 .text.TIM_TimeBaseInit
                0x0000000000003f3c       0x6a C:\Users\kidsp\AppData\Local\arduino\cores\2b5686054c6ab046b9bd52399061f729\core.a(ch32yyxx_tim.c.o)
                0x0000000000003f3c                TIM_TimeBaseInit
 .text.TIM_ARRPreloadConfig
                0x0000000000003fa6       0x1a C:\Users\kidsp\AppData\Local\arduino\cores\2b5686054c6ab046b9bd52399061f729\core.a(ch32yyxx_tim.c.o)
                0x0000000000003fa6                TIM_ARRPreloadConfig
 .text.TIM_GetITStatus
                0x0000000000003fc0       0x18 C:\Users\kidsp\AppData\Local\arduino\cores\2b5686054c6ab046b9bd52399061f729\core.a(ch32yyxx_tim.c.o)
                0x0000000000003fc0                TIM_GetITStatus
 .text.TIM_ClearITPendingBit
                0x0000000000003fd8        0xc C:\Users\kidsp\AppData\Local\arduino\cores\2b5686054c6ab046b9bd52399061f729\core.a(ch32yyxx_tim.c.o)
                0x0000000000003fd8                TIM_ClearITPendingBit
 .text.USART_Init
                0x0000000000003fe4       0xbc C:\Users\kidsp\AppData\Local\arduino\cores\2b5686054c6ab046b9bd52399061f729\core.a(ch32yyxx_usart.c.o)
                0x0000000000003fe4                USART_Init
 .text.USART_Cmd
                0x00000000000040a0       0x16 C:\Users\kidsp\AppData\Local\arduino\cores\2b5686054c6ab046b9bd52399061f729\core.a(ch32yyxx_usart.c.o)
                0x00000000000040a0                USART_Cmd
 .text.USART_SendData
                0x00000000000040b6        0x8 C:\Users\kidsp\AppData\Local\arduino\cores\2b5686054c6ab046b9bd52399061f729\core.a(ch32yyxx_usart.c.o)
                0x00000000000040b6                USART_SendData
 .text.USART_ReceiveData
                0x00000000000040be        0x8 C:\Users\kidsp\AppData\Local\arduino\cores\2b5686054c6ab046b9bd52399061f729\core.a(ch32yyxx_usart.c.o)
                0x00000000000040be                USART_ReceiveData
 .text.USART_HalfDuplexCmd
                0x00000000000040c6       0x18 C:\Users\kidsp\AppData\Local\arduino\cores\2b5686054c6ab046b9bd52399061f729\core.a(ch32yyxx_usart.c.o)
                0x00000000000040c6                USART_HalfDuplexCmd
 .text.USART_GetFlagStatus
                0x00000000000040de        0xa C:\Users\kidsp\AppData\Local\arduino\cores\2b5686054c6ab046b9bd52399061f729\core.a(ch32yyxx_usart.c.o)
                0x00000000000040de                USART_GetFlagStatus
 .text.SystemInit
                0x00000000000040e8       0xa8 C:\Users\kidsp\AppData\Local\arduino\cores\2b5686054c6ab046b9bd52399061f729\core.a(system_ch32yyxx.c.o)
                0x00000000000040e8                SystemInit
 .text.pin_in_pinmap
                0x0000000000004190       0x1e C:\Users\kidsp\AppData\Local\arduino\cores\2b5686054c6ab046b9bd52399061f729\core.a(pinmap.c.o)
                0x0000000000004190                pin_in_pinmap
 .text.pin_function
                0x00000000000041ae      0x2f8 C:\Users\kidsp\AppData\Local\arduino\cores\2b5686054c6ab046b9bd52399061f729\core.a(pinmap.c.o)
                0x00000000000041ae                pin_function
 .text.pinmap_pinout
                0x00000000000044a6       0x26 C:\Users\kidsp\AppData\Local\arduino\cores\2b5686054c6ab046b9bd52399061f729\core.a(pinmap.c.o)
                0x00000000000044a6                pinmap_pinout
 .text.pinmap_find_peripheral
                0x00000000000044cc       0x18 C:\Users\kidsp\AppData\Local\arduino\cores\2b5686054c6ab046b9bd52399061f729\core.a(pinmap.c.o)
                0x00000000000044cc                pinmap_find_peripheral
 .text.pinmap_peripheral
                0x00000000000044e4       0x16 C:\Users\kidsp\AppData\Local\arduino\cores\2b5686054c6ab046b9bd52399061f729\core.a(pinmap.c.o)
                0x00000000000044e4                pinmap_peripheral
 .text.pinmap_find_function
                0x00000000000044fa       0x18 C:\Users\kidsp\AppData\Local\arduino\cores\2b5686054c6ab046b9bd52399061f729\core.a(pinmap.c.o)
                0x00000000000044fa                pinmap_find_function
 .text.pinmap_function
                0x0000000000004512       0x16 C:\Users\kidsp\AppData\Local\arduino\cores\2b5686054c6ab046b9bd52399061f729\core.a(pinmap.c.o)
                0x0000000000004512                pinmap_function
 .text.pinmap_merge_peripheral
                0x0000000000004528       0x12 C:\Users\kidsp\AppData\Local\arduino\cores\2b5686054c6ab046b9bd52399061f729\core.a(pinmap.c.o)
                0x0000000000004528                pinmap_merge_peripheral
 .text.vector_handler
                0x000000000000453a       0x6c C:\Users\kidsp\AppData\Local\arduino\cores\2b5686054c6ab046b9bd52399061f729\core.a(startup_ch32yyxx.S.o)
                0x0000000000004542                Break_Point_Handler
                0x0000000000004546                SW_Handler
                0x0000000000004548                WWDG_IRQHandler
                0x000000000000454a                PVD_IRQHandler
                0x000000000000454c                TAMPER_IRQHandler
                0x000000000000454e                RTC_IRQHandler
                0x0000000000004550                FLASH_IRQHandler
                0x0000000000004552                RCC_IRQHandler
                0x000000000000455e                DMA1_Channel1_IRQHandler
                0x0000000000004560                DMA1_Channel2_IRQHandler
                0x0000000000004562                DMA1_Channel3_IRQHandler
                0x0000000000004564                DMA1_Channel4_IRQHandler
                0x0000000000004566                DMA1_Channel5_IRQHandler
                0x0000000000004568                DMA1_Channel6_IRQHandler
                0x000000000000456a                DMA1_Channel7_IRQHandler
                0x000000000000456c                ADC1_2_IRQHandler
                0x000000000000456e                USB_HP_CAN1_TX_IRQHandler
                0x0000000000004570                USB_LP_CAN1_RX0_IRQHandler
                0x0000000000004572                CAN1_RX1_IRQHandler
                0x0000000000004574                CAN1_SCE_IRQHandler
                0x0000000000004578                TIM1_BRK_IRQHandler
                0x000000000000457c                TIM1_TRG_COM_IRQHandler
                0x000000000000458e                SPI1_IRQHandler
                0x0000000000004590                SPI2_IRQHandler
                0x0000000000004592                USART1_IRQHandler
                0x0000000000004594                USART2_IRQHandler
                0x0000000000004596                USART3_IRQHandler
                0x000000000000459a                RTCAlarm_IRQHandler
                0x000000000000459c                USBWakeUp_IRQHandler
                0x000000000000459e                USBHD_IRQHandler
                0x00000000000045a0                USBHDWakeUp_IRQHandler
                0x00000000000045a2                UART4_IRQHandler
                0x00000000000045a4                DMA1_Channel8_IRQHandler
 .text.handle_reset
                0x00000000000045a6       0x96 C:\Users\kidsp\AppData\Local\arduino\cores\2b5686054c6ab046b9bd52399061f729\core.a(startup_ch32yyxx.S.o)
                0x00000000000045a6                handle_reset
 .text.get_timer_obj
                0x000000000000463c        0x4 C:\Users\kidsp\AppData\Local\arduino\cores\2b5686054c6ab046b9bd52399061f729\core.a(timer.c.o)
                0x000000000000463c                get_timer_obj
 .text.enableTimerClock
                0x0000000000004640       0x78 C:\Users\kidsp\AppData\Local\arduino\cores\2b5686054c6ab046b9bd52399061f729\core.a(timer.c.o)
                0x0000000000004640                enableTimerClock
 .text.disableTimerClock
                0x00000000000046b8       0x78 C:\Users\kidsp\AppData\Local\arduino\cores\2b5686054c6ab046b9bd52399061f729\core.a(timer.c.o)
                0x00000000000046b8                disableTimerClock
 .text.uart_init.part.0
                0x0000000000004730      0x19a C:\Users\kidsp\AppData\Local\arduino\cores\2b5686054c6ab046b9bd52399061f729\core.a(uart.c.o)
 .text.uart_init
                0x00000000000048ca       0x10 C:\Users\kidsp\AppData\Local\arduino\cores\2b5686054c6ab046b9bd52399061f729\core.a(uart.c.o)
                0x00000000000048ca                uart_init
 .text.uart_debug_init
                0x00000000000048da       0x3a C:\Users\kidsp\AppData\Local\arduino\cores\2b5686054c6ab046b9bd52399061f729\core.a(uart.c.o)
                0x00000000000048da                uart_debug_init
 .text.serial_rx_active
                0x0000000000004914       0x26 C:\Users\kidsp\AppData\Local\arduino\cores\2b5686054c6ab046b9bd52399061f729\core.a(uart.c.o)
                0x0000000000004914                serial_rx_active
 .text.serial_tx_active
                0x000000000000493a       0x26 C:\Users\kidsp\AppData\Local\arduino\cores\2b5686054c6ab046b9bd52399061f729\core.a(uart.c.o)
                0x000000000000493a                serial_tx_active
 .text.uart_debug_write
                0x0000000000004960       0xfc C:\Users\kidsp\AppData\Local\arduino\cores\2b5686054c6ab046b9bd52399061f729\core.a(uart.c.o)
                0x0000000000004960                uart_debug_write
 .text.uart_getc
                0x0000000000004a5c       0x36 C:\Users\kidsp\AppData\Local\arduino\cores\2b5686054c6ab046b9bd52399061f729\core.a(uart.c.o)
                0x0000000000004a5c                uart_getc
 .text.__empty  0x0000000000004a92        0x2 C:\Users\kidsp\AppData\Local\arduino\cores\2b5686054c6ab046b9bd52399061f729\core.a(hooks.c.o)
                0x0000000000004a92                yield
 .text.startup.main
                0x0000000000004a94       0x12 C:\Users\kidsp\AppData\Local\arduino\cores\2b5686054c6ab046b9bd52399061f729\core.a(main.cpp.o)
                0x0000000000004a94                main
 .text.pinNametoDigitalPin
                0x0000000000004aa6       0x3c C:\Users\kidsp\AppData\Local\arduino\cores\2b5686054c6ab046b9bd52399061f729\core.a(pins_arduino.cpp.o)
                0x0000000000004aa6                pinNametoDigitalPin
 .text.analogInputToPinName
                0x0000000000004ae2      0x126 C:\Users\kidsp\AppData\Local\arduino\cores\2b5686054c6ab046b9bd52399061f729\core.a(pins_arduino.cpp.o)
                0x0000000000004ae2                analogInputToPinName
 .text.mapResolution
                0x0000000000004c08       0x30 C:\Users\kidsp\AppData\Local\arduino\cores\2b5686054c6ab046b9bd52399061f729\core.a(wiring_analog.c.o)
 .text.analogRead
                0x0000000000004c38       0x2a C:\Users\kidsp\AppData\Local\arduino\cores\2b5686054c6ab046b9bd52399061f729\core.a(wiring_analog.c.o)
                0x0000000000004c38                analogRead
 .text.pinMode  0x0000000000004c62       0xd0 C:\Users\kidsp\AppData\Local\arduino\cores\2b5686054c6ab046b9bd52399061f729\core.a(wiring_digital.c.o)
                0x0000000000004c62                pinMode
 .text.digitalWrite
                0x0000000000004d32       0x96 C:\Users\kidsp\AppData\Local\arduino\cores\2b5686054c6ab046b9bd52399061f729\core.a(wiring_digital.c.o)
                0x0000000000004d32                digitalWrite
 .text.millis   0x0000000000004dc8        0xc C:\Users\kidsp\AppData\Local\arduino\cores\2b5686054c6ab046b9bd52399061f729\core.a(wiring_time.c.o)
                0x0000000000004dc8                millis
 .text.micros   0x0000000000004dd4        0xc C:\Users\kidsp\AppData\Local\arduino\cores\2b5686054c6ab046b9bd52399061f729\core.a(wiring_time.c.o)
                0x0000000000004dd4                micros
 .text.delay    0x0000000000004de0       0x22 C:\Users\kidsp\AppData\Local\arduino\cores\2b5686054c6ab046b9bd52399061f729\core.a(wiring_time.c.o)
                0x0000000000004de0                delay
 .text._Znwj    0x0000000000004e02       0x24 c:/users/kidsp/appdata/local/arduino15/packages/wch/tools/riscv-none-embed-gcc/8.2.0/bin/../lib/gcc/riscv-none-embed/8.2.0/../../../../riscv-none-embed/lib/rv32imacxw/ilp32\libstdc++_nano.a(new_op.o)
                0x0000000000004e02                operator new(unsigned int)
 .text._Znaj    0x0000000000004e26        0x4 c:/users/kidsp/appdata/local/arduino15/packages/wch/tools/riscv-none-embed-gcc/8.2.0/bin/../lib/gcc/riscv-none-embed/8.2.0/../../../../riscv-none-embed/lib/rv32imacxw/ilp32\libstdc++_nano.a(new_opv.o)
                0x0000000000004e26                operator new[](unsigned int)
 .text._ZdlPvj  0x0000000000004e2a        0x2 c:/users/kidsp/appdata/local/arduino15/packages/wch/tools/riscv-none-embed-gcc/8.2.0/bin/../lib/gcc/riscv-none-embed/8.2.0/../../../../riscv-none-embed/lib/rv32imacxw/ilp32\libstdc++_nano.a(del_ops.o)
                0x0000000000004e2a                operator delete(void*, unsigned int)
 .text._ZSt15get_new_handlerv
                0x0000000000004e2c        0xc c:/users/kidsp/appdata/local/arduino15/packages/wch/tools/riscv-none-embed-gcc/8.2.0/bin/../lib/gcc/riscv-none-embed/8.2.0/../../../../riscv-none-embed/lib/rv32imacxw/ilp32\libstdc++_nano.a(new_handler.o)
                0x0000000000004e2c                std::get_new_handler()
 .text.unlikely._ZSt25__throw_bad_function_callv
                0x0000000000004e38        0x6 c:/users/kidsp/appdata/local/arduino15/packages/wch/tools/riscv-none-embed-gcc/8.2.0/bin/../lib/gcc/riscv-none-embed/8.2.0/../../../../riscv-none-embed/lib/rv32imacxw/ilp32\libstdc++_nano.a(functional.o)
                0x0000000000004e38                std::__throw_bad_function_call()
 .text._ZdlPv   0x0000000000004e3e        0x2 c:/users/kidsp/appdata/local/arduino15/packages/wch/tools/riscv-none-embed-gcc/8.2.0/bin/../lib/gcc/riscv-none-embed/8.2.0/../../../../riscv-none-embed/lib/rv32imacxw/ilp32\libstdc++_nano.a(del_op.o)
                0x0000000000004e3e                operator delete(void*)
 .text.floorf   0x0000000000004e40       0xcc c:/users/kidsp/appdata/local/arduino15/packages/wch/tools/riscv-none-embed-gcc/8.2.0/bin/../lib/gcc/riscv-none-embed/8.2.0/../../../../riscv-none-embed/lib/rv32imacxw/ilp32\libm.a(lib_a-sf_floor.o)
                0x0000000000004e40                floorf
 .text.lroundf  0x0000000000004f0c       0x78 c:/users/kidsp/appdata/local/arduino15/packages/wch/tools/riscv-none-embed-gcc/8.2.0/bin/../lib/gcc/riscv-none-embed/8.2.0/../../../../riscv-none-embed/lib/rv32imacxw/ilp32\libm.a(lib_a-sf_lround.o)
                0x0000000000004f0c                lroundf
 .text.abort    0x0000000000004f84        0xe c:/users/kidsp/appdata/local/arduino15/packages/wch/tools/riscv-none-embed-gcc/8.2.0/bin/../lib/gcc/riscv-none-embed/8.2.0/../../../../riscv-none-embed/lib/rv32imacxw/ilp32\libc_nano.a(lib_a-abort.o)
                0x0000000000004f84                abort
 .text.atexit   0x0000000000004f92        0xa c:/users/kidsp/appdata/local/arduino15/packages/wch/tools/riscv-none-embed-gcc/8.2.0/bin/../lib/gcc/riscv-none-embed/8.2.0/../../../../riscv-none-embed/lib/rv32imacxw/ilp32\libc_nano.a(lib_a-atexit.o)
                0x0000000000004f92                atexit
 .text.__libc_fini_array
                0x0000000000004f9c       0x3a c:/users/kidsp/appdata/local/arduino15/packages/wch/tools/riscv-none-embed-gcc/8.2.0/bin/../lib/gcc/riscv-none-embed/8.2.0/../../../../riscv-none-embed/lib/rv32imacxw/ilp32\libc_nano.a(lib_a-fini.o)
                0x0000000000004f9c                __libc_fini_array
 .text.__libc_init_array
                0x0000000000004fd6       0x6e c:/users/kidsp/appdata/local/arduino15/packages/wch/tools/riscv-none-embed-gcc/8.2.0/bin/../lib/gcc/riscv-none-embed/8.2.0/../../../../riscv-none-embed/lib/rv32imacxw/ilp32\libc_nano.a(lib_a-init.o)
                0x0000000000004fd6                __libc_init_array
 .text.malloc   0x0000000000005044        0xa c:/users/kidsp/appdata/local/arduino15/packages/wch/tools/riscv-none-embed-gcc/8.2.0/bin/../lib/gcc/riscv-none-embed/8.2.0/../../../../riscv-none-embed/lib/rv32imacxw/ilp32\libc_nano.a(lib_a-malloc.o)
                0x0000000000005044                malloc
 .text.free     0x000000000000504e        0xa c:/users/kidsp/appdata/local/arduino15/packages/wch/tools/riscv-none-embed-gcc/8.2.0/bin/../lib/gcc/riscv-none-embed/8.2.0/../../../../riscv-none-embed/lib/rv32imacxw/ilp32\libc_nano.a(lib_a-malloc.o)
                0x000000000000504e                free
 .text.memcpy   0x0000000000005058       0xb2 c:/users/kidsp/appdata/local/arduino15/packages/wch/tools/riscv-none-embed-gcc/8.2.0/bin/../lib/gcc/riscv-none-embed/8.2.0/../../../../riscv-none-embed/lib/rv32imacxw/ilp32\libc_nano.a(lib_a-memcpy.o)
                0x0000000000005058                memcpy
 .text.memmove  0x000000000000510a       0x46 c:/users/kidsp/appdata/local/arduino15/packages/wch/tools/riscv-none-embed-gcc/8.2.0/bin/../lib/gcc/riscv-none-embed/8.2.0/../../../../riscv-none-embed/lib/rv32imacxw/ilp32\libc_nano.a(lib_a-memmove.o)
                0x000000000000510a                memmove
 .text._free_r  0x0000000000005150       0xa4 c:/users/kidsp/appdata/local/arduino15/packages/wch/tools/riscv-none-embed-gcc/8.2.0/bin/../lib/gcc/riscv-none-embed/8.2.0/../../../../riscv-none-embed/lib/rv32imacxw/ilp32\libc_nano.a(lib_a-nano-freer.o)
                0x0000000000005150                _free_r
 .text._malloc_r
                0x00000000000051f4       0xce c:/users/kidsp/appdata/local/arduino15/packages/wch/tools/riscv-none-embed-gcc/8.2.0/bin/../lib/gcc/riscv-none-embed/8.2.0/../../../../riscv-none-embed/lib/rv32imacxw/ilp32\libc_nano.a(lib_a-nano-mallocr.o)
                0x00000000000051f4                _malloc_r
 .text.realloc  0x00000000000052c2        0xc c:/users/kidsp/appdata/local/arduino15/packages/wch/tools/riscv-none-embed-gcc/8.2.0/bin/../lib/gcc/riscv-none-embed/8.2.0/../../../../riscv-none-embed/lib/rv32imacxw/ilp32\libc_nano.a(lib_a-realloc.o)
                0x00000000000052c2                realloc
 .text._sbrk_r  0x00000000000052ce       0x2a c:/users/kidsp/appdata/local/arduino15/packages/wch/tools/riscv-none-embed-gcc/8.2.0/bin/../lib/gcc/riscv-none-embed/8.2.0/../../../../riscv-none-embed/lib/rv32imacxw/ilp32\libc_nano.a(lib_a-sbrkr.o)
                0x00000000000052ce                _sbrk_r
 .text._raise_r
                0x00000000000052f8       0x62 c:/users/kidsp/appdata/local/arduino15/packages/wch/tools/riscv-none-embed-gcc/8.2.0/bin/../lib/gcc/riscv-none-embed/8.2.0/../../../../riscv-none-embed/lib/rv32imacxw/ilp32\libc_nano.a(lib_a-signal.o)
                0x00000000000052f8                _raise_r
 .text.raise    0x000000000000535a        0xc c:/users/kidsp/appdata/local/arduino15/packages/wch/tools/riscv-none-embed-gcc/8.2.0/bin/../lib/gcc/riscv-none-embed/8.2.0/../../../../riscv-none-embed/lib/rv32imacxw/ilp32\libc_nano.a(lib_a-signal.o)
                0x000000000000535a                raise
 .text._kill_r  0x0000000000005366       0x2c c:/users/kidsp/appdata/local/arduino15/packages/wch/tools/riscv-none-embed-gcc/8.2.0/bin/../lib/gcc/riscv-none-embed/8.2.0/../../../../riscv-none-embed/lib/rv32imacxw/ilp32\libc_nano.a(lib_a-signalr.o)
                0x0000000000005366                _kill_r
 .text._getpid_r
                0x0000000000005392        0x4 c:/users/kidsp/appdata/local/arduino15/packages/wch/tools/riscv-none-embed-gcc/8.2.0/bin/../lib/gcc/riscv-none-embed/8.2.0/../../../../riscv-none-embed/lib/rv32imacxw/ilp32\libc_nano.a(lib_a-signalr.o)
                0x0000000000005392                _getpid_r
 .text.strlen   0x0000000000005396       0x12 c:/users/kidsp/appdata/local/arduino15/packages/wch/tools/riscv-none-embed-gcc/8.2.0/bin/../lib/gcc/riscv-none-embed/8.2.0/../../../../riscv-none-embed/lib/rv32imacxw/ilp32\libc_nano.a(lib_a-strlen.o)
                0x0000000000005396                strlen
 .text._vdprintf_r
                0x00000000000053a8       0x7c c:/users/kidsp/appdata/local/arduino15/packages/wch/tools/riscv-none-embed-gcc/8.2.0/bin/../lib/gcc/riscv-none-embed/8.2.0/../../../../riscv-none-embed/lib/rv32imacxw/ilp32\libc_nano.a(lib_a-vdprintf.o)
                0x00000000000053a8                _vdiprintf_r
                0x00000000000053a8                _vdprintf_r
 .text.vdprintf
                0x0000000000005424       0x10 c:/users/kidsp/appdata/local/arduino15/packages/wch/tools/riscv-none-embed-gcc/8.2.0/bin/../lib/gcc/riscv-none-embed/8.2.0/../../../../riscv-none-embed/lib/rv32imacxw/ilp32\libc_nano.a(lib_a-vdprintf.o)
                0x0000000000005424                vdprintf
                0x0000000000005424                vdiprintf
 .text._write_r
                0x0000000000005434       0x2e c:/users/kidsp/appdata/local/arduino15/packages/wch/tools/riscv-none-embed-gcc/8.2.0/bin/../lib/gcc/riscv-none-embed/8.2.0/../../../../riscv-none-embed/lib/rv32imacxw/ilp32\libc_nano.a(lib_a-writer.o)
                0x0000000000005434                _write_r
 .text.__register_exitproc
                0x0000000000005462       0x7c c:/users/kidsp/appdata/local/arduino15/packages/wch/tools/riscv-none-embed-gcc/8.2.0/bin/../lib/gcc/riscv-none-embed/8.2.0/../../../../riscv-none-embed/lib/rv32imacxw/ilp32\libc_nano.a(lib_a-__atexit.o)
                0x0000000000005462                __register_exitproc
 .text.startup.register_fini
                0x00000000000054de       0x18 c:/users/kidsp/appdata/local/arduino15/packages/wch/tools/riscv-none-embed-gcc/8.2.0/bin/../lib/gcc/riscv-none-embed/8.2.0/../../../../riscv-none-embed/lib/rv32imacxw/ilp32\libc_nano.a(lib_a-__call_atexit.o)
 .text.std      0x00000000000054f6       0x66 c:/users/kidsp/appdata/local/arduino15/packages/wch/tools/riscv-none-embed-gcc/8.2.0/bin/../lib/gcc/riscv-none-embed/8.2.0/../../../../riscv-none-embed/lib/rv32imacxw/ilp32\libc_nano.a(lib_a-findfp.o)
 .text._cleanup_r
                0x000000000000555c        0xa c:/users/kidsp/appdata/local/arduino15/packages/wch/tools/riscv-none-embed-gcc/8.2.0/bin/../lib/gcc/riscv-none-embed/8.2.0/../../../../riscv-none-embed/lib/rv32imacxw/ilp32\libc_nano.a(lib_a-findfp.o)
                0x000000000000555c                _cleanup_r
 .text.__sfmoreglue
                0x0000000000005566       0x48 c:/users/kidsp/appdata/local/arduino15/packages/wch/tools/riscv-none-embed-gcc/8.2.0/bin/../lib/gcc/riscv-none-embed/8.2.0/../../../../riscv-none-embed/lib/rv32imacxw/ilp32\libc_nano.a(lib_a-findfp.o)
                0x0000000000005566                __sfmoreglue
 .text.__sinit  0x00000000000055ae       0x6c c:/users/kidsp/appdata/local/arduino15/packages/wch/tools/riscv-none-embed-gcc/8.2.0/bin/../lib/gcc/riscv-none-embed/8.2.0/../../../../riscv-none-embed/lib/rv32imacxw/ilp32\libc_nano.a(lib_a-findfp.o)
                0x00000000000055ae                __sinit
 .text.__sfp    0x000000000000561a       0xa0 c:/users/kidsp/appdata/local/arduino15/packages/wch/tools/riscv-none-embed-gcc/8.2.0/bin/../lib/gcc/riscv-none-embed/8.2.0/../../../../riscv-none-embed/lib/rv32imacxw/ilp32\libc_nano.a(lib_a-findfp.o)
                0x000000000000561a                __sfp
 .text._fwalk_reent
                0x00000000000056ba       0x6a c:/users/kidsp/appdata/local/arduino15/packages/wch/tools/riscv-none-embed-gcc/8.2.0/bin/../lib/gcc/riscv-none-embed/8.2.0/../../../../riscv-none-embed/lib/rv32imacxw/ilp32\libc_nano.a(lib_a-fwalk.o)
                0x00000000000056ba                _fwalk_reent
 .text.__malloc_lock
                0x0000000000005724        0x2 c:/users/kidsp/appdata/local/arduino15/packages/wch/tools/riscv-none-embed-gcc/8.2.0/bin/../lib/gcc/riscv-none-embed/8.2.0/../../../../riscv-none-embed/lib/rv32imacxw/ilp32\libc_nano.a(lib_a-mlock.o)
                0x0000000000005724                __malloc_lock
 .text.__malloc_unlock
                0x0000000000005726        0x2 c:/users/kidsp/appdata/local/arduino15/packages/wch/tools/riscv-none-embed-gcc/8.2.0/bin/../lib/gcc/riscv-none-embed/8.2.0/../../../../riscv-none-embed/lib/rv32imacxw/ilp32\libc_nano.a(lib_a-mlock.o)
                0x0000000000005726                __malloc_unlock
 .text._realloc_r
                0x0000000000005728       0x58 c:/users/kidsp/appdata/local/arduino15/packages/wch/tools/riscv-none-embed-gcc/8.2.0/bin/../lib/gcc/riscv-none-embed/8.2.0/../../../../riscv-none-embed/lib/rv32imacxw/ilp32\libc_nano.a(lib_a-nano-reallocr.o)
                0x0000000000005728                _realloc_r
 .text.__sread  0x0000000000005780       0x2e c:/users/kidsp/appdata/local/arduino15/packages/wch/tools/riscv-none-embed-gcc/8.2.0/bin/../lib/gcc/riscv-none-embed/8.2.0/../../../../riscv-none-embed/lib/rv32imacxw/ilp32\libc_nano.a(lib_a-stdio.o)
                0x0000000000005780                __sread
 .text.__swrite
                0x00000000000057ae       0x4a c:/users/kidsp/appdata/local/arduino15/packages/wch/tools/riscv-none-embed-gcc/8.2.0/bin/../lib/gcc/riscv-none-embed/8.2.0/../../../../riscv-none-embed/lib/rv32imacxw/ilp32\libc_nano.a(lib_a-stdio.o)
                0x00000000000057ae                __swrite
 .text.__sseek  0x00000000000057f8       0x30 c:/users/kidsp/appdata/local/arduino15/packages/wch/tools/riscv-none-embed-gcc/8.2.0/bin/../lib/gcc/riscv-none-embed/8.2.0/../../../../riscv-none-embed/lib/rv32imacxw/ilp32\libc_nano.a(lib_a-stdio.o)
                0x00000000000057f8                __sseek
 .text.__sclose
                0x0000000000005828        0x6 c:/users/kidsp/appdata/local/arduino15/packages/wch/tools/riscv-none-embed-gcc/8.2.0/bin/../lib/gcc/riscv-none-embed/8.2.0/../../../../riscv-none-embed/lib/rv32imacxw/ilp32\libc_nano.a(lib_a-stdio.o)
                0x0000000000005828                __sclose
 .text._vasnprintf_r
                0x000000000000582e       0x60 c:/users/kidsp/appdata/local/arduino15/packages/wch/tools/riscv-none-embed-gcc/8.2.0/bin/../lib/gcc/riscv-none-embed/8.2.0/../../../../riscv-none-embed/lib/rv32imacxw/ilp32\libc_nano.a(lib_a-vasnprintf.o)
                0x000000000000582e                _vasnprintf_r
                0x000000000000582e                _vasniprintf_r
 .text._close_r
                0x000000000000588e       0x2a c:/users/kidsp/appdata/local/arduino15/packages/wch/tools/riscv-none-embed-gcc/8.2.0/bin/../lib/gcc/riscv-none-embed/8.2.0/../../../../riscv-none-embed/lib/rv32imacxw/ilp32\libc_nano.a(lib_a-closer.o)
                0x000000000000588e                _close_r
 .text.__sflush_r
                0x00000000000058b8      0x132 c:/users/kidsp/appdata/local/arduino15/packages/wch/tools/riscv-none-embed-gcc/8.2.0/bin/../lib/gcc/riscv-none-embed/8.2.0/../../../../riscv-none-embed/lib/rv32imacxw/ilp32\libc_nano.a(lib_a-fflush.o)
                0x00000000000058b8                __sflush_r
 .text._fflush_r
                0x00000000000059ea       0x68 c:/users/kidsp/appdata/local/arduino15/packages/wch/tools/riscv-none-embed-gcc/8.2.0/bin/../lib/gcc/riscv-none-embed/8.2.0/../../../../riscv-none-embed/lib/rv32imacxw/ilp32\libc_nano.a(lib_a-fflush.o)
                0x00000000000059ea                _fflush_r
 .text._lseek_r
                0x0000000000005a52       0x2e c:/users/kidsp/appdata/local/arduino15/packages/wch/tools/riscv-none-embed-gcc/8.2.0/bin/../lib/gcc/riscv-none-embed/8.2.0/../../../../riscv-none-embed/lib/rv32imacxw/ilp32\libc_nano.a(lib_a-lseekr.o)
                0x0000000000005a52                _lseek_r
 .text._malloc_usable_size_r
                0x0000000000005a80       0x14 c:/users/kidsp/appdata/local/arduino15/packages/wch/tools/riscv-none-embed-gcc/8.2.0/bin/../lib/gcc/riscv-none-embed/8.2.0/../../../../riscv-none-embed/lib/rv32imacxw/ilp32\libc_nano.a(lib_a-nano-msizer.o)
                0x0000000000005a80                _malloc_usable_size_r
 .text.__ssputs_r
                0x0000000000005a94       0xe4 c:/users/kidsp/appdata/local/arduino15/packages/wch/tools/riscv-none-embed-gcc/8.2.0/bin/../lib/gcc/riscv-none-embed/8.2.0/../../../../riscv-none-embed/lib/rv32imacxw/ilp32\libc_nano.a(lib_a-nano-svfprintf.o)
                0x0000000000005a94                __ssputs_r
 .text._svfprintf_r
                0x0000000000005b78      0x264 c:/users/kidsp/appdata/local/arduino15/packages/wch/tools/riscv-none-embed-gcc/8.2.0/bin/../lib/gcc/riscv-none-embed/8.2.0/../../../../riscv-none-embed/lib/rv32imacxw/ilp32\libc_nano.a(lib_a-nano-svfprintf.o)
                0x0000000000005b78                _svfiprintf_r
                0x0000000000005b78                _svfprintf_r
 .text._printf_common
                0x0000000000005ddc      0x10c c:/users/kidsp/appdata/local/arduino15/packages/wch/tools/riscv-none-embed-gcc/8.2.0/bin/../lib/gcc/riscv-none-embed/8.2.0/../../../../riscv-none-embed/lib/rv32imacxw/ilp32\libc_nano.a(lib_a-nano-vfprintf_i.o)
                0x0000000000005ddc                _printf_common
 .text._printf_i
                0x0000000000005ee8      0x2a2 c:/users/kidsp/appdata/local/arduino15/packages/wch/tools/riscv-none-embed-gcc/8.2.0/bin/../lib/gcc/riscv-none-embed/8.2.0/../../../../riscv-none-embed/lib/rv32imacxw/ilp32\libc_nano.a(lib_a-nano-vfprintf_i.o)
                0x0000000000005ee8                _printf_i
 .text._read_r  0x000000000000618a       0x2e c:/users/kidsp/appdata/local/arduino15/packages/wch/tools/riscv-none-embed-gcc/8.2.0/bin/../lib/gcc/riscv-none-embed/8.2.0/../../../../riscv-none-embed/lib/rv32imacxw/ilp32\libc_nano.a(lib_a-readr.o)
                0x000000000000618a                _read_r
 .text.memchr   0x00000000000061b8       0x18 c:/users/kidsp/appdata/local/arduino15/packages/wch/tools/riscv-none-embed-gcc/8.2.0/bin/../lib/gcc/riscv-none-embed/8.2.0/../../../../riscv-none-embed/lib/rv32imacxw/ilp32\libc_nano.a(lib_a-memchr.o)
                0x00000000000061b8                memchr
 .text.__udivdi3
                0x00000000000061d0      0x392 c:/users/kidsp/appdata/local/arduino15/packages/wch/tools/riscv-none-embed-gcc/8.2.0/bin/../lib/gcc/riscv-none-embed/8.2.0/rv32imacxw/ilp32\libgcc.a(_udivdi3.o)
                0x00000000000061d0                __udivdi3
 .text.__muldf3
                0x0000000000006562      0x4b8 c:/users/kidsp/appdata/local/arduino15/packages/wch/tools/riscv-none-embed-gcc/8.2.0/bin/../lib/gcc/riscv-none-embed/8.2.0/rv32imacxw/ilp32\libgcc.a(muldf3.o)
                0x0000000000006562                __muldf3
 .text.__subdf3
                0x0000000000006a1a      0x73e c:/users/kidsp/appdata/local/arduino15/packages/wch/tools/riscv-none-embed-gcc/8.2.0/bin/../lib/gcc/riscv-none-embed/8.2.0/rv32imacxw/ilp32\libgcc.a(subdf3.o)
                0x0000000000006a1a                __subdf3
 .text.__fixdfsi
                0x0000000000007158       0x68 c:/users/kidsp/appdata/local/arduino15/packages/wch/tools/riscv-none-embed-gcc/8.2.0/bin/../lib/gcc/riscv-none-embed/8.2.0/rv32imacxw/ilp32\libgcc.a(fixdfsi.o)
                0x0000000000007158                __fixdfsi
 .text.__floatsidf
                0x00000000000071c0       0x72 c:/users/kidsp/appdata/local/arduino15/packages/wch/tools/riscv-none-embed-gcc/8.2.0/bin/../lib/gcc/riscv-none-embed/8.2.0/rv32imacxw/ilp32\libgcc.a(floatsidf.o)
                0x00000000000071c0                __floatsidf
 .text.__addsf3
                0x0000000000007232      0x36a c:/users/kidsp/appdata/local/arduino15/packages/wch/tools/riscv-none-embed-gcc/8.2.0/bin/../lib/gcc/riscv-none-embed/8.2.0/rv32imacxw/ilp32\libgcc.a(addsf3.o)
                0x0000000000007232                __addsf3
 .text.__divsf3
                0x000000000000759c      0x2b2 c:/users/kidsp/appdata/local/arduino15/packages/wch/tools/riscv-none-embed-gcc/8.2.0/bin/../lib/gcc/riscv-none-embed/8.2.0/rv32imacxw/ilp32\libgcc.a(divsf3.o)
                0x000000000000759c                __divsf3
 .text.__gesf2  0x000000000000784e       0x86 c:/users/kidsp/appdata/local/arduino15/packages/wch/tools/riscv-none-embed-gcc/8.2.0/bin/../lib/gcc/riscv-none-embed/8.2.0/rv32imacxw/ilp32\libgcc.a(gesf2.o)
                0x000000000000784e                __gesf2
                0x000000000000784e                __gtsf2
 .text.__lesf2  0x00000000000078d4       0x8c c:/users/kidsp/appdata/local/arduino15/packages/wch/tools/riscv-none-embed-gcc/8.2.0/bin/../lib/gcc/riscv-none-embed/8.2.0/rv32imacxw/ilp32\libgcc.a(lesf2.o)
                0x00000000000078d4                __ltsf2
                0x00000000000078d4                __lesf2
 .text.__mulsf3
                0x0000000000007960      0x294 c:/users/kidsp/appdata/local/arduino15/packages/wch/tools/riscv-none-embed-gcc/8.2.0/bin/../lib/gcc/riscv-none-embed/8.2.0/rv32imacxw/ilp32\libgcc.a(mulsf3.o)
                0x0000000000007960                __mulsf3
 .text.__subsf3
                0x0000000000007bf4      0x388 c:/users/kidsp/appdata/local/arduino15/packages/wch/tools/riscv-none-embed-gcc/8.2.0/bin/../lib/gcc/riscv-none-embed/8.2.0/rv32imacxw/ilp32\libgcc.a(subsf3.o)
                0x0000000000007bf4                __subsf3
 .text.__fixsfsi
                0x0000000000007f7c       0x62 c:/users/kidsp/appdata/local/arduino15/packages/wch/tools/riscv-none-embed-gcc/8.2.0/bin/../lib/gcc/riscv-none-embed/8.2.0/rv32imacxw/ilp32\libgcc.a(fixsfsi.o)
                0x0000000000007f7c                __fixsfsi
 .text.__floatsisf
                0x0000000000007fde       0xc6 c:/users/kidsp/appdata/local/arduino15/packages/wch/tools/riscv-none-embed-gcc/8.2.0/bin/../lib/gcc/riscv-none-embed/8.2.0/rv32imacxw/ilp32\libgcc.a(floatsisf.o)
                0x0000000000007fde                __floatsisf
 .text.__floatunsisf
                0x00000000000080a4       0xce c:/users/kidsp/appdata/local/arduino15/packages/wch/tools/riscv-none-embed-gcc/8.2.0/bin/../lib/gcc/riscv-none-embed/8.2.0/rv32imacxw/ilp32\libgcc.a(floatunsisf.o)
                0x00000000000080a4                __floatunsisf
 .text.__extendsfdf2
                0x0000000000008172       0xac c:/users/kidsp/appdata/local/arduino15/packages/wch/tools/riscv-none-embed-gcc/8.2.0/bin/../lib/gcc/riscv-none-embed/8.2.0/rv32imacxw/ilp32\libgcc.a(extendsfdf2.o)
                0x0000000000008172                __extendsfdf2
 .text.__truncdfsf2
                0x000000000000821e      0x16a c:/users/kidsp/appdata/local/arduino15/packages/wch/tools/riscv-none-embed-gcc/8.2.0/bin/../lib/gcc/riscv-none-embed/8.2.0/rv32imacxw/ilp32\libgcc.a(truncdfsf2.o)
                0x000000000000821e                __truncdfsf2
 .text.__clzsi2
                0x0000000000008388       0x6e c:/users/kidsp/appdata/local/arduino15/packages/wch/tools/riscv-none-embed-gcc/8.2.0/bin/../lib/gcc/riscv-none-embed/8.2.0/rv32imacxw/ilp32\libgcc.a(_clzsi2.o)
                0x0000000000008388                __clzsi2
 .text._close   0x00000000000083f6        0xc c:/users/kidsp/appdata/local/arduino15/packages/wch/tools/riscv-none-embed-gcc/8.2.0/bin/../lib/gcc/riscv-none-embed/8.2.0/../../../../riscv-none-embed/lib/rv32imacxw/ilp32\libnosys.a(close.o)
                0x00000000000083f6                _close
 .text._getpid  0x0000000000008402        0xc c:/users/kidsp/appdata/local/arduino15/packages/wch/tools/riscv-none-embed-gcc/8.2.0/bin/../lib/gcc/riscv-none-embed/8.2.0/../../../../riscv-none-embed/lib/rv32imacxw/ilp32\libnosys.a(getpid.o)
                0x0000000000008402                _getpid
 .text._kill    0x000000000000840e        0xc c:/users/kidsp/appdata/local/arduino15/packages/wch/tools/riscv-none-embed-gcc/8.2.0/bin/../lib/gcc/riscv-none-embed/8.2.0/../../../../riscv-none-embed/lib/rv32imacxw/ilp32\libnosys.a(kill.o)
                0x000000000000840e                _kill
 .text._lseek   0x000000000000841a        0xc c:/users/kidsp/appdata/local/arduino15/packages/wch/tools/riscv-none-embed-gcc/8.2.0/bin/../lib/gcc/riscv-none-embed/8.2.0/../../../../riscv-none-embed/lib/rv32imacxw/ilp32\libnosys.a(lseek.o)
                0x000000000000841a                _lseek
 .text._read    0x0000000000008426        0xc c:/users/kidsp/appdata/local/arduino15/packages/wch/tools/riscv-none-embed-gcc/8.2.0/bin/../lib/gcc/riscv-none-embed/8.2.0/../../../../riscv-none-embed/lib/rv32imacxw/ilp32\libnosys.a(read.o)
                0x0000000000008426                _read
 .text._exit    0x0000000000008432        0x2 c:/users/kidsp/appdata/local/arduino15/packages/wch/tools/riscv-none-embed-gcc/8.2.0/bin/../lib/gcc/riscv-none-embed/8.2.0/../../../../riscv-none-embed/lib/rv32imacxw/ilp32\libnosys.a(_exit.o)
                0x0000000000008432                _exit
 *(.rodata)
 *(.rodata*)
 *fill*         0x0000000000008434        0x0 
 .rodata._Z12ReceiveEventi
                0x0000000000008434       0x3c C:\Users\kidsp\AppData\Local\arduino\sketches\886A4B3D532CF96E17043A9E7CEB4745\sketch\i2cMinimalSlave.ino.cpp.o
 .rodata._Z12ReceiveEventi.str1.4
                0x0000000000008470      0x193 C:\Users\kidsp\AppData\Local\arduino\sketches\886A4B3D532CF96E17043A9E7CEB4745\sketch\i2cMinimalSlave.ino.cpp.o
 *fill*         0x0000000000008603        0x1 
 .rodata._Z12RequestEventv.cst4
                0x0000000000008604        0x4 C:\Users\kidsp\AppData\Local\arduino\sketches\886A4B3D532CF96E17043A9E7CEB4745\sketch\i2cMinimalSlave.ino.cpp.o
 *fill*         0x0000000000008608        0x0 
 .rodata._Z12RequestEventv.cst8
                0x0000000000008608       0x18 C:\Users\kidsp\AppData\Local\arduino\sketches\886A4B3D532CF96E17043A9E7CEB4745\sketch\i2cMinimalSlave.ino.cpp.o
 .rodata._Z12RequestEventv.str1.4
                0x0000000000008620       0x11 C:\Users\kidsp\AppData\Local\arduino\sketches\886A4B3D532CF96E17043A9E7CEB4745\sketch\i2cMinimalSlave.ino.cpp.o
 *fill*         0x0000000000008631        0x3 
 .rodata._Z13initCalibratev.str1.4
                0x0000000000008634       0x22 C:\Users\kidsp\AppData\Local\arduino\sketches\886A4B3D532CF96E17043A9E7CEB4745\sketch\i2cMinimalSlave.ino.cpp.o
 *fill*         0x0000000000008656        0x2 
 .rodata._Z30computeMovingAverageDerivativeh.cst4
                0x0000000000008658        0xc C:\Users\kidsp\AppData\Local\arduino\sketches\886A4B3D532CF96E17043A9E7CEB4745\sketch\i2cMinimalSlave.ino.cpp.o
 .rodata.loop.str1.4
                0x0000000000008664       0x20 C:\Users\kidsp\AppData\Local\arduino\sketches\886A4B3D532CF96E17043A9E7CEB4745\sketch\i2cMinimalSlave.ino.cpp.o
 .rodata.setup.str1.4
                0x0000000000008684       0x18 C:\Users\kidsp\AppData\Local\arduino\sketches\886A4B3D532CF96E17043A9E7CEB4745\sketch\i2cMinimalSlave.ino.cpp.o
 .rodata._ZTV7TwoWire
                0x000000000000869c       0x2c C:\Users\kidsp\AppData\Local\arduino\sketches\886A4B3D532CF96E17043A9E7CEB4745\libraries\Wire\Wire.cpp.o
                0x000000000000869c                vtable for TwoWire
 .rodata.PinMap_ADC
                0x00000000000086c8       0xfc C:\Users\kidsp\AppData\Local\arduino\sketches\886A4B3D532CF96E17043A9E7CEB4745\core\PeripheralPins.c.o
                0x00000000000086c8                PinMap_ADC
 .rodata.PinMap_I2C_SCL
                0x00000000000087c4       0x30 C:\Users\kidsp\AppData\Local\arduino\sketches\886A4B3D532CF96E17043A9E7CEB4745\core\PeripheralPins.c.o
                0x00000000000087c4                PinMap_I2C_SCL
 .rodata.PinMap_I2C_SDA
                0x00000000000087f4       0x30 C:\Users\kidsp\AppData\Local\arduino\sketches\886A4B3D532CF96E17043A9E7CEB4745\core\PeripheralPins.c.o
                0x00000000000087f4                PinMap_I2C_SDA
 .rodata.PinMap_TIM
                0x0000000000008824       0xf0 C:\Users\kidsp\AppData\Local\arduino\sketches\886A4B3D532CF96E17043A9E7CEB4745\core\PeripheralPins.c.o
                0x0000000000008824                PinMap_TIM
 .rodata.PinMap_UART_CTS
                0x0000000000008914       0x3c C:\Users\kidsp\AppData\Local\arduino\sketches\886A4B3D532CF96E17043A9E7CEB4745\core\PeripheralPins.c.o
                0x0000000000008914                PinMap_UART_CTS
 .rodata.PinMap_UART_RTS
                0x0000000000008950       0x3c C:\Users\kidsp\AppData\Local\arduino\sketches\886A4B3D532CF96E17043A9E7CEB4745\core\PeripheralPins.c.o
                0x0000000000008950                PinMap_UART_RTS
 .rodata.PinMap_UART_RX
                0x000000000000898c       0x60 C:\Users\kidsp\AppData\Local\arduino\sketches\886A4B3D532CF96E17043A9E7CEB4745\core\PeripheralPins.c.o
                0x000000000000898c                PinMap_UART_RX
 .rodata.PinMap_UART_TX
                0x00000000000089ec       0x60 C:\Users\kidsp\AppData\Local\arduino\sketches\886A4B3D532CF96E17043A9E7CEB4745\core\PeripheralPins.c.o
                0x00000000000089ec                PinMap_UART_TX
 .rodata.analogInputPin
                0x0000000000008a4c       0x28 C:\Users\kidsp\AppData\Local\arduino\sketches\886A4B3D532CF96E17043A9E7CEB4745\core\variant_CH32V203C8.cpp.o
                0x0000000000008a4c                analogInputPin
 .rodata.digitalPin
                0x0000000000008a74       0x94 C:\Users\kidsp\AppData\Local\arduino\sketches\886A4B3D532CF96E17043A9E7CEB4745\core\variant_CH32V203C8.cpp.o
                0x0000000000008a74                digitalPin
 .rodata._ZTV14HardwareSerial
                0x0000000000008b08       0x2c C:\Users\kidsp\AppData\Local\arduino\cores\2b5686054c6ab046b9bd52399061f729\core.a(HardwareSerial.cpp.o)
                0x0000000000008b08                vtable for HardwareSerial
 .rodata._ZN5Print7printlnEv.str1.4
                0x0000000000008b34       0x18 C:\Users\kidsp\AppData\Local\arduino\cores\2b5686054c6ab046b9bd52399061f729\core.a(Print.cpp.o)
                                          0x3 (size before relaxing)
 .rodata.set_GPIO_Port_Clock
                0x0000000000008b34       0x14 C:\Users\kidsp\AppData\Local\arduino\cores\2b5686054c6ab046b9bd52399061f729\core.a(PortNames.c.o)
 .rodata.CSWTCH.6
                0x0000000000008b48       0x12 C:\Users\kidsp\AppData\Local\arduino\cores\2b5686054c6ab046b9bd52399061f729\core.a(analog.cpp.o)
 *fill*         0x0000000000008b5a        0x2 
 .rodata.pin_function
                0x0000000000008b5c      0x140 C:\Users\kidsp\AppData\Local\arduino\cores\2b5686054c6ab046b9bd52399061f729\core.a(pinmap.c.o)
 .rodata.pin_map
                0x0000000000008c9c       0x40 C:\Users\kidsp\AppData\Local\arduino\cores\2b5686054c6ab046b9bd52399061f729\core.a(pinmap.c.o)
                0x0000000000008c9c                pin_map
 .rodata.pinMode
                0x0000000000008cdc       0x18 C:\Users\kidsp\AppData\Local\arduino\cores\2b5686054c6ab046b9bd52399061f729\core.a(wiring_digital.c.o)
 .rodata.floorf.cst4
                0x0000000000008cf4        0x8 c:/users/kidsp/appdata/local/arduino15/packages/wch/tools/riscv-none-embed-gcc/8.2.0/bin/../lib/gcc/riscv-none-embed/8.2.0/../../../../riscv-none-embed/lib/rv32imacxw/ilp32\libm.a(lib_a-sf_floor.o)
 .rodata.__sf_fake_stderr
                0x0000000000008cfc       0x20 c:/users/kidsp/appdata/local/arduino15/packages/wch/tools/riscv-none-embed-gcc/8.2.0/bin/../lib/gcc/riscv-none-embed/8.2.0/../../../../riscv-none-embed/lib/rv32imacxw/ilp32\libc_nano.a(lib_a-findfp.o)
                0x0000000000008cfc                __sf_fake_stderr
 .rodata.__sf_fake_stdin
                0x0000000000008d1c       0x20 c:/users/kidsp/appdata/local/arduino15/packages/wch/tools/riscv-none-embed-gcc/8.2.0/bin/../lib/gcc/riscv-none-embed/8.2.0/../../../../riscv-none-embed/lib/rv32imacxw/ilp32\libc_nano.a(lib_a-findfp.o)
                0x0000000000008d1c                __sf_fake_stdin
 .rodata.__sf_fake_stdout
                0x0000000000008d3c       0x20 c:/users/kidsp/appdata/local/arduino15/packages/wch/tools/riscv-none-embed-gcc/8.2.0/bin/../lib/gcc/riscv-none-embed/8.2.0/../../../../riscv-none-embed/lib/rv32imacxw/ilp32\libc_nano.a(lib_a-findfp.o)
                0x0000000000008d3c                __sf_fake_stdout
 .rodata._svfprintf_r.str1.4
                0x0000000000008d5c       0x13 c:/users/kidsp/appdata/local/arduino15/packages/wch/tools/riscv-none-embed-gcc/8.2.0/bin/../lib/gcc/riscv-none-embed/8.2.0/../../../../riscv-none-embed/lib/rv32imacxw/ilp32\libc_nano.a(lib_a-nano-svfprintf.o)
 *fill*         0x0000000000008d6f        0x1 
 .rodata._printf_i.str1.4
                0x0000000000008d70       0x28 c:/users/kidsp/appdata/local/arduino15/packages/wch/tools/riscv-none-embed-gcc/8.2.0/bin/../lib/gcc/riscv-none-embed/8.2.0/../../../../riscv-none-embed/lib/rv32imacxw/ilp32\libc_nano.a(lib_a-nano-vfprintf_i.o)
                                         0x25 (size before relaxing)
 .rodata.__muldf3
                0x0000000000008d98       0x40 c:/users/kidsp/appdata/local/arduino15/packages/wch/tools/riscv-none-embed-gcc/8.2.0/bin/../lib/gcc/riscv-none-embed/8.2.0/rv32imacxw/ilp32\libgcc.a(muldf3.o)
 .rodata.__divsf3
                0x0000000000008dd8       0x80 c:/users/kidsp/appdata/local/arduino15/packages/wch/tools/riscv-none-embed-gcc/8.2.0/bin/../lib/gcc/riscv-none-embed/8.2.0/rv32imacxw/ilp32\libgcc.a(divsf3.o)
 .rodata.__mulsf3
                0x0000000000008e58       0x40 c:/users/kidsp/appdata/local/arduino15/packages/wch/tools/riscv-none-embed-gcc/8.2.0/bin/../lib/gcc/riscv-none-embed/8.2.0/rv32imacxw/ilp32\libgcc.a(mulsf3.o)
 .rodata.__clz_tab
                0x0000000000008e98      0x100 c:/users/kidsp/appdata/local/arduino15/packages/wch/tools/riscv-none-embed-gcc/8.2.0/bin/../lib/gcc/riscv-none-embed/8.2.0/rv32imacxw/ilp32\libgcc.a(_clz.o)
                0x0000000000008e98                __clz_tab
 *(.gnu.linkonce.t.*)
                0x0000000000008f98                . = ALIGN (0x4)

.rela.dyn       0x0000000000008f98        0x0
 .rela.text.setup
                0x0000000000008f98        0x0 C:\Users\kidsp\AppData\Local\arduino\sketches\886A4B3D532CF96E17043A9E7CEB4745\sketch\i2cMinimalSlave.ino.cpp.o
 .rela.text._ZN7TwoWireC2Ev
                0x0000000000008f98        0x0 C:\Users\kidsp\AppData\Local\arduino\sketches\886A4B3D532CF96E17043A9E7CEB4745\sketch\i2cMinimalSlave.ino.cpp.o
 .rela.text._ZN7TwoWire5flushEv
                0x0000000000008f98        0x0 C:\Users\kidsp\AppData\Local\arduino\sketches\886A4B3D532CF96E17043A9E7CEB4745\sketch\i2cMinimalSlave.ino.cpp.o
 .rela.text._ZN7TwoWire10recoverBusEv
                0x0000000000008f98        0x0 C:\Users\kidsp\AppData\Local\arduino\sketches\886A4B3D532CF96E17043A9E7CEB4745\sketch\i2cMinimalSlave.ino.cpp.o
 .rela.text._ZN7TwoWire9onReceiveESt8functionIFviEE
                0x0000000000008f98        0x0 C:\Users\kidsp\AppData\Local\arduino\sketches\886A4B3D532CF96E17043A9E7CEB4745\sketch\i2cMinimalSlave.ino.cpp.o
 .rela.text._ZN7TwoWire9onRequestESt8functionIFvvEE
                0x0000000000008f98        0x0 C:\Users\kidsp\AppData\Local\arduino\sketches\886A4B3D532CF96E17043A9E7CEB4745\sketch\i2cMinimalSlave.ino.cpp.o
 .rela.text.exit._GLOBAL__sub_D__ZN7TwoWireC2Ev